[0.543s] Invoking command in '/home/zech/htn-2026/build/htn_control': AMENT_PREFIX_PATH=/home/zech/htn-2026/install/htn_description:${AMENT_PREFIX_PATH} CMAKE_PREFIX_PATH=/home/zech/htn-2026/install/htn_description:${CMAKE_PREFIX_PATH} PYTHONPATH=/home/zech/htn-2026/build/htn_control/prefix_override:/usr/lib/python3/dist-packages/colcon_core/task/python/colcon_distutils_commands:/home/zech/htn-2026/install/htn_control/lib/python3.10/site-packages:${PYTHONPATH} /usr/bin/python3 -W ignore:setup.py install is deprecated -W ignore:easy_install command is deprecated setup.py develop --editable --build-directory /home/zech/htn-2026/build/htn_control/build --no-deps symlink_data
[0.688s] running develop
[0.773s] running egg_info
[0.773s] creating htn_control.egg-info
[0.773s] writing htn_control.egg-info/PKG-INFO
[0.773s] writing dependency_links to htn_control.egg-info/dependency_links.txt
[0.773s] writing entry points to htn_control.egg-info/entry_points.txt
[0.773s] writing requirements to htn_control.egg-info/requires.txt
[0.773s] writing top-level names to htn_control.egg-info/top_level.txt
[0.774s] writing manifest file 'htn_control.egg-info/SOURCES.txt'
[0.774s] reading manifest file 'htn_control.egg-info/SOURCES.txt'
[0.775s] writing manifest file 'htn_control.egg-info/SOURCES.txt'
[0.804s] running build_ext
[0.804s] Creating /home/zech/htn-2026/install/htn_control/lib/python3.10/site-packages/htn-control.egg-link (link to .)
[0.805s] Installing hal script to /home/zech/htn-2026/install/htn_control/lib/htn_control
[0.805s] Installing teleop script to /home/zech/htn-2026/install/htn_control/lib/htn_control
[0.805s] 
[0.805s] Installed /home/zech/htn-2026/build/htn_control
[0.805s] running symlink_data
[0.805s] creating /home/zech/htn-2026/install/htn_control/share/ament_index
[0.805s] creating /home/zech/htn-2026/install/htn_control/share/ament_index/resource_index
[0.805s] creating /home/zech/htn-2026/install/htn_control/share/ament_index/resource_index/packages
[0.805s] symbolically linking /home/zech/htn-2026/build/htn_control/resource/htn_control -> /home/zech/htn-2026/install/htn_control/share/ament_index/resource_index/packages
[0.805s] symbolically linking /home/zech/htn-2026/build/htn_control/package.xml -> /home/zech/htn-2026/install/htn_control/share/htn_control
[0.826s] Invoked command in '/home/zech/htn-2026/build/htn_control' returned '0': AMENT_PREFIX_PATH=/home/zech/htn-2026/install/htn_description:${AMENT_PREFIX_PATH} CMAKE_PREFIX_PATH=/home/zech/htn-2026/install/htn_description:${CMAKE_PREFIX_PATH} PYTHONPATH=/home/zech/htn-2026/build/htn_control/prefix_override:/usr/lib/python3/dist-packages/colcon_core/task/python/colcon_distutils_commands:/home/zech/htn-2026/install/htn_control/lib/python3.10/site-packages:${PYTHONPATH} /usr/bin/python3 -W ignore:setup.py install is deprecated -W ignore:easy_install command is deprecated setup.py develop --editable --build-directory /home/zech/htn-2026/build/htn_control/build --no-deps symlink_data
