[0.009s] Invoking command in '/home/zech/htn-2026/build/htn_description': CMAKE_PREFIX_PATH=${CMAKE_PREFIX_PATH}:/home/zech/exia_ws/install/exia_driver:/home/zech/exia_ws/install/exia_control:/opt/ros/humble /usr/bin/cmake /home/zech/htn-2026/ros2_ws/src/htn_description -DAMENT_CMAKE_SYMLINK_INSTALL=1 -DCMAKE_INSTALL_PREFIX=/home/zech/htn-2026/install/htn_description
[0.048s] -- The C compiler identification is GNU 11.4.0
[0.087s] -- The CXX compiler identification is GNU 11.4.0
[0.091s] -- Detecting C compiler ABI info
[0.146s] -- Detecting C compiler ABI info - done
[0.152s] -- Check for working C compiler: /usr/bin/cc - skipped
[0.152s] -- Detecting C compile features
[0.152s] -- Detecting C compile features - done
[0.154s] -- Detecting CXX compiler ABI info
[0.206s] -- Detecting CXX compiler ABI info - done
[0.213s] -- Check for working CXX compiler: /usr/bin/c++ - skipped
[0.213s] -- Detecting CXX compile features
[0.213s] -- Detecting CXX compile features - done
[0.215s] -- Found ament_cmake: 1.3.14 (/opt/ros/humble/share/ament_cmake/cmake)
[0.325s] -- Found Python3: /usr/bin/python3 (found version "3.10.12") found components: Interpreter 
[0.365s] -- Override CMake install command with custom implementation using symlinks instead of copying resources
[0.446s] -- Configuring done
[0.448s] -- Generating done
[0.449s] -- Build files have been written to: /home/zech/htn-2026/build/htn_description
[0.454s] Invoked command in '/home/zech/htn-2026/build/htn_description' returned '0': CMAKE_PREFIX_PATH=${CMAKE_PREFIX_PATH}:/home/zech/exia_ws/install/exia_driver:/home/zech/exia_ws/install/exia_control:/opt/ros/humble /usr/bin/cmake /home/zech/htn-2026/ros2_ws/src/htn_description -DAMENT_CMAKE_SYMLINK_INSTALL=1 -DCMAKE_INSTALL_PREFIX=/home/zech/htn-2026/install/htn_description
[0.456s] Invoking command in '/home/zech/htn-2026/build/htn_description': CMAKE_PREFIX_PATH=${CMAKE_PREFIX_PATH}:/home/zech/exia_ws/install/exia_driver:/home/zech/exia_ws/install/exia_control:/opt/ros/humble /usr/bin/cmake --build /home/zech/htn-2026/build/htn_description -- -j20 -l20
[0.486s] Invoked command in '/home/zech/htn-2026/build/htn_description' returned '0': CMAKE_PREFIX_PATH=${CMAKE_PREFIX_PATH}:/home/zech/exia_ws/install/exia_driver:/home/zech/exia_ws/install/exia_control:/opt/ros/humble /usr/bin/cmake --build /home/zech/htn-2026/build/htn_description -- -j20 -l20
[0.494s] Invoking command in '/home/zech/htn-2026/build/htn_description': CMAKE_PREFIX_PATH=${CMAKE_PREFIX_PATH}:/home/zech/exia_ws/install/exia_driver:/home/zech/exia_ws/install/exia_control:/opt/ros/humble /usr/bin/cmake --install /home/zech/htn-2026/build/htn_description
[0.497s] -- Install configuration: ""
[0.498s] -- Execute custom install script
[0.498s] -- Symlinking: /home/zech/htn-2026/install/htn_description/share/htn_description/config/hand_params.yaml
[0.504s] -- Symlinking: /home/zech/htn-2026/install/htn_description/share/htn_description/urdf/hand.gazebo.xacro
[0.511s] -- Symlinking: /home/zech/htn-2026/install/htn_description/share/htn_description/urdf/hand.urdf.xacro
[0.518s] -- Symlinking: /home/zech/htn-2026/install/htn_description/share/ament_index/resource_index/package_run_dependencies/htn_description
[0.525s] -- Symlinking: /home/zech/htn-2026/install/htn_description/share/ament_index/resource_index/parent_prefix_path/htn_description
[0.534s] -- Symlinking: /home/zech/htn-2026/install/htn_description/share/htn_description/environment/ament_prefix_path.sh
[0.541s] -- Symlinking: /home/zech/htn-2026/install/htn_description/share/htn_description/environment/ament_prefix_path.dsv
[0.546s] -- Symlinking: /home/zech/htn-2026/install/htn_description/share/htn_description/environment/path.sh
[0.553s] -- Symlinking: /home/zech/htn-2026/install/htn_description/share/htn_description/environment/path.dsv
[0.558s] -- Symlinking: /home/zech/htn-2026/install/htn_description/share/htn_description/local_setup.bash
[0.563s] -- Symlinking: /home/zech/htn-2026/install/htn_description/share/htn_description/local_setup.sh
[0.570s] -- Symlinking: /home/zech/htn-2026/install/htn_description/share/htn_description/local_setup.zsh
[0.576s] -- Symlinking: /home/zech/htn-2026/install/htn_description/share/htn_description/local_setup.dsv
[0.582s] -- Symlinking: /home/zech/htn-2026/install/htn_description/share/htn_description/package.dsv
[0.589s] -- Symlinking: /home/zech/htn-2026/install/htn_description/share/ament_index/resource_index/packages/htn_description
[0.596s] -- Symlinking: /home/zech/htn-2026/install/htn_description/share/htn_description/cmake/htn_descriptionConfig.cmake
[0.603s] -- Symlinking: /home/zech/htn-2026/install/htn_description/share/htn_description/cmake/htn_descriptionConfig-version.cmake
[0.611s] -- Symlinking: /home/zech/htn-2026/install/htn_description/share/htn_description/package.xml
[0.621s] Invoked command in '/home/zech/htn-2026/build/htn_description' returned '0': CMAKE_PREFIX_PATH=${CMAKE_PREFIX_PATH}:/home/zech/exia_ws/install/exia_driver:/home/zech/exia_ws/install/exia_control:/opt/ros/humble /usr/bin/cmake --install /home/zech/htn-2026/build/htn_description
