[0.052s] DEBUG:colcon:Command line arguments: ['/usr/bin/colcon', 'build', '--symlink-install']
[0.052s] DEBUG:colcon:Parsed command line arguments: Namespace(log_base=None, log_level=None, verb_name='build', build_base='build', install_base='install', merge_install=False, symlink_install=True, test_result_base=None, continue_on_error=False, executor='parallel', parallel_workers=20, event_handlers=None, ignore_user_meta=False, metas=['./colcon.meta'], base_paths=['.'], packages_ignore=None, packages_ignore_regex=None, paths=None, packages_up_to=None, packages_up_to_regex=None, packages_above=None, packages_above_and_dependencies=None, packages_above_depth=None, packages_select_by_dep=None, packages_skip_by_dep=None, packages_skip_up_to=None, packages_select_build_failed=False, packages_skip_build_finished=False, packages_select_test_failures=False, packages_skip_test_passed=False, packages_select=None, packages_skip=None, packages_select_regex=None, packages_skip_regex=None, packages_start=None, packages_end=None, allow_overriding=[], cmake_args=None, cmake_target=None, cmake_target_skip_unavailable=False, cmake_clean_cache=False, cmake_clean_first=False, cmake_force_configure=False, ament_cmake_args=None, catkin_cmake_args=None, catkin_skip_building_tests=False, verb_parser=<colcon_defaults.argument_parser.defaults.DefaultArgumentsDecorator object at 0x73a7d44744f0>, verb_extension=<colcon_core.verb.build.BuildVerb object at 0x73a7d443bbb0>, main=<bound method BuildVerb.main of <colcon_core.verb.build.BuildVerb object at 0x73a7d443bbb0>>)
[0.133s] Level 1:colcon.colcon_core.package_discovery:discover_packages(colcon_meta) check parameters
[0.133s] Level 1:colcon.colcon_core.package_discovery:discover_packages(recursive) check parameters
[0.133s] Level 1:colcon.colcon_core.package_discovery:discover_packages(ignore) check parameters
[0.133s] Level 1:colcon.colcon_core.package_discovery:discover_packages(path) check parameters
[0.133s] Level 1:colcon.colcon_core.package_discovery:discover_packages(colcon_meta) discover
[0.133s] Level 1:colcon.colcon_core.package_discovery:discover_packages(recursive) discover
[0.133s] INFO:colcon.colcon_core.package_discovery:Crawling recursively for packages in '/home/zech/htn-2026'
[0.133s] Level 1:colcon.colcon_core.package_identification:_identify(.) by extensions ['ignore', 'ignore_ament_install']
[0.133s] Level 1:colcon.colcon_core.package_identification:_identify(.) by extension 'ignore'
[0.133s] Level 1:colcon.colcon_core.package_identification:_identify(.) by extension 'ignore_ament_install'
[0.133s] Level 1:colcon.colcon_core.package_identification:_identify(.) by extensions ['colcon_pkg']
[0.133s] Level 1:colcon.colcon_core.package_identification:_identify(.) by extension 'colcon_pkg'
[0.133s] Level 1:colcon.colcon_core.package_identification:_identify(.) by extensions ['colcon_meta']
[0.133s] Level 1:colcon.colcon_core.package_identification:_identify(.) by extension 'colcon_meta'
[0.133s] Level 1:colcon.colcon_core.package_identification:_identify(.) by extensions ['ros']
[0.133s] Level 1:colcon.colcon_core.package_identification:_identify(.) by extension 'ros'
[0.156s] Level 1:colcon.colcon_core.package_identification:_identify(.) by extensions ['cmake', 'python']
[0.156s] Level 1:colcon.colcon_core.package_identification:_identify(.) by extension 'cmake'
[0.156s] Level 1:colcon.colcon_core.package_identification:_identify(.) by extension 'python'
[0.156s] Level 1:colcon.colcon_core.package_identification:_identify(.) by extensions ['python_setup_py']
[0.156s] Level 1:colcon.colcon_core.package_identification:_identify(.) by extension 'python_setup_py'
[0.156s] Level 1:colcon.colcon_core.package_identification:_identify(build) by extensions ['ignore', 'ignore_ament_install']
[0.156s] Level 1:colcon.colcon_core.package_identification:_identify(build) by extension 'ignore'
[0.156s] Level 1:colcon.colcon_core.package_identification:_identify(build) ignored
[0.156s] Level 1:colcon.colcon_core.package_identification:_identify(install) by extensions ['ignore', 'ignore_ament_install']
[0.156s] Level 1:colcon.colcon_core.package_identification:_identify(install) by extension 'ignore'
[0.156s] Level 1:colcon.colcon_core.package_identification:_identify(install) ignored
[0.156s] Level 1:colcon.colcon_core.package_identification:_identify(log) by extensions ['ignore', 'ignore_ament_install']
[0.156s] Level 1:colcon.colcon_core.package_identification:_identify(log) by extension 'ignore'
[0.156s] Level 1:colcon.colcon_core.package_identification:_identify(log) ignored
[0.157s] Level 1:colcon.colcon_core.package_identification:_identify(ros2_ws) by extensions ['ignore', 'ignore_ament_install']
[0.157s] Level 1:colcon.colcon_core.package_identification:_identify(ros2_ws) by extension 'ignore'
[0.157s] Level 1:colcon.colcon_core.package_identification:_identify(ros2_ws) by extension 'ignore_ament_install'
[0.157s] Level 1:colcon.colcon_core.package_identification:_identify(ros2_ws) by extensions ['colcon_pkg']
[0.157s] Level 1:colcon.colcon_core.package_identification:_identify(ros2_ws) by extension 'colcon_pkg'
[0.157s] Level 1:colcon.colcon_core.package_identification:_identify(ros2_ws) by extensions ['colcon_meta']
[0.157s] Level 1:colcon.colcon_core.package_identification:_identify(ros2_ws) by extension 'colcon_meta'
[0.157s] Level 1:colcon.colcon_core.package_identification:_identify(ros2_ws) by extensions ['ros']
[0.157s] Level 1:colcon.colcon_core.package_identification:_identify(ros2_ws) by extension 'ros'
[0.157s] Level 1:colcon.colcon_core.package_identification:_identify(ros2_ws) by extensions ['cmake', 'python']
[0.157s] Level 1:colcon.colcon_core.package_identification:_identify(ros2_ws) by extension 'cmake'
[0.157s] Level 1:colcon.colcon_core.package_identification:_identify(ros2_ws) by extension 'python'
[0.157s] Level 1:colcon.colcon_core.package_identification:_identify(ros2_ws) by extensions ['python_setup_py']
[0.157s] Level 1:colcon.colcon_core.package_identification:_identify(ros2_ws) by extension 'python_setup_py'
[0.157s] Level 1:colcon.colcon_core.package_identification:_identify(ros2_ws/build) by extensions ['ignore', 'ignore_ament_install']
[0.157s] Level 1:colcon.colcon_core.package_identification:_identify(ros2_ws/build) by extension 'ignore'
[0.157s] Level 1:colcon.colcon_core.package_identification:_identify(ros2_ws/build) ignored
[0.157s] Level 1:colcon.colcon_core.package_identification:_identify(ros2_ws/install) by extensions ['ignore', 'ignore_ament_install']
[0.157s] Level 1:colcon.colcon_core.package_identification:_identify(ros2_ws/install) by extension 'ignore'
[0.157s] Level 1:colcon.colcon_core.package_identification:_identify(ros2_ws/install) ignored
[0.157s] Level 1:colcon.colcon_core.package_identification:_identify(ros2_ws/log) by extensions ['ignore', 'ignore_ament_install']
[0.157s] Level 1:colcon.colcon_core.package_identification:_identify(ros2_ws/log) by extension 'ignore'
[0.157s] Level 1:colcon.colcon_core.package_identification:_identify(ros2_ws/log) ignored
[0.157s] Level 1:colcon.colcon_core.package_identification:_identify(ros2_ws/src) by extensions ['ignore', 'ignore_ament_install']
[0.157s] Level 1:colcon.colcon_core.package_identification:_identify(ros2_ws/src) by extension 'ignore'
[0.157s] Level 1:colcon.colcon_core.package_identification:_identify(ros2_ws/src) by extension 'ignore_ament_install'
[0.157s] Level 1:colcon.colcon_core.package_identification:_identify(ros2_ws/src) by extensions ['colcon_pkg']
[0.157s] Level 1:colcon.colcon_core.package_identification:_identify(ros2_ws/src) by extension 'colcon_pkg'
[0.157s] Level 1:colcon.colcon_core.package_identification:_identify(ros2_ws/src) by extensions ['colcon_meta']
[0.157s] Level 1:colcon.colcon_core.package_identification:_identify(ros2_ws/src) by extension 'colcon_meta'
[0.157s] Level 1:colcon.colcon_core.package_identification:_identify(ros2_ws/src) by extensions ['ros']
[0.157s] Level 1:colcon.colcon_core.package_identification:_identify(ros2_ws/src) by extension 'ros'
[0.157s] Level 1:colcon.colcon_core.package_identification:_identify(ros2_ws/src) by extensions ['cmake', 'python']
[0.157s] Level 1:colcon.colcon_core.package_identification:_identify(ros2_ws/src) by extension 'cmake'
[0.157s] Level 1:colcon.colcon_core.package_identification:_identify(ros2_ws/src) by extension 'python'
[0.157s] Level 1:colcon.colcon_core.package_identification:_identify(ros2_ws/src) by extensions ['python_setup_py']
[0.157s] Level 1:colcon.colcon_core.package_identification:_identify(ros2_ws/src) by extension 'python_setup_py'
[0.157s] Level 1:colcon.colcon_core.package_identification:_identify(ros2_ws/src/htn_auto) by extensions ['ignore', 'ignore_ament_install']
[0.157s] Level 1:colcon.colcon_core.package_identification:_identify(ros2_ws/src/htn_auto) by extension 'ignore'
[0.157s] Level 1:colcon.colcon_core.package_identification:_identify(ros2_ws/src/htn_auto) by extension 'ignore_ament_install'
[0.157s] Level 1:colcon.colcon_core.package_identification:_identify(ros2_ws/src/htn_auto) by extensions ['colcon_pkg']
[0.157s] Level 1:colcon.colcon_core.package_identification:_identify(ros2_ws/src/htn_auto) by extension 'colcon_pkg'
[0.157s] Level 1:colcon.colcon_core.package_identification:_identify(ros2_ws/src/htn_auto) by extensions ['colcon_meta']
[0.157s] Level 1:colcon.colcon_core.package_identification:_identify(ros2_ws/src/htn_auto) by extension 'colcon_meta'
[0.158s] Level 1:colcon.colcon_core.package_identification:_identify(ros2_ws/src/htn_auto) by extensions ['ros']
[0.158s] Level 1:colcon.colcon_core.package_identification:_identify(ros2_ws/src/htn_auto) by extension 'ros'
[0.159s] DEBUG:colcon.colcon_core.package_identification:Package 'ros2_ws/src/htn_auto' with type 'ros.ament_python' and name 'htn_auto'
[0.159s] Level 1:colcon.colcon_core.package_identification:_identify(ros2_ws/src/htn_control) by extensions ['ignore', 'ignore_ament_install']
[0.159s] Level 1:colcon.colcon_core.package_identification:_identify(ros2_ws/src/htn_control) by extension 'ignore'
[0.159s] Level 1:colcon.colcon_core.package_identification:_identify(ros2_ws/src/htn_control) by extension 'ignore_ament_install'
[0.159s] Level 1:colcon.colcon_core.package_identification:_identify(ros2_ws/src/htn_control) by extensions ['colcon_pkg']
[0.159s] Level 1:colcon.colcon_core.package_identification:_identify(ros2_ws/src/htn_control) by extension 'colcon_pkg'
[0.159s] Level 1:colcon.colcon_core.package_identification:_identify(ros2_ws/src/htn_control) by extensions ['colcon_meta']
[0.159s] Level 1:colcon.colcon_core.package_identification:_identify(ros2_ws/src/htn_control) by extension 'colcon_meta'
[0.159s] Level 1:colcon.colcon_core.package_identification:_identify(ros2_ws/src/htn_control) by extensions ['ros']
[0.159s] Level 1:colcon.colcon_core.package_identification:_identify(ros2_ws/src/htn_control) by extension 'ros'
[0.159s] DEBUG:colcon.colcon_core.package_identification:Package 'ros2_ws/src/htn_control' with type 'ros.ament_python' and name 'htn_control'
[0.159s] Level 1:colcon.colcon_core.package_identification:_identify(ros2_ws/src/htn_description) by extensions ['ignore', 'ignore_ament_install']
[0.159s] Level 1:colcon.colcon_core.package_identification:_identify(ros2_ws/src/htn_description) by extension 'ignore'
[0.159s] Level 1:colcon.colcon_core.package_identification:_identify(ros2_ws/src/htn_description) by extension 'ignore_ament_install'
[0.159s] Level 1:colcon.colcon_core.package_identification:_identify(ros2_ws/src/htn_description) by extensions ['colcon_pkg']
[0.159s] Level 1:colcon.colcon_core.package_identification:_identify(ros2_ws/src/htn_description) by extension 'colcon_pkg'
[0.159s] Level 1:colcon.colcon_core.package_identification:_identify(ros2_ws/src/htn_description) by extensions ['colcon_meta']
[0.160s] Level 1:colcon.colcon_core.package_identification:_identify(ros2_ws/src/htn_description) by extension 'colcon_meta'
[0.160s] Level 1:colcon.colcon_core.package_identification:_identify(ros2_ws/src/htn_description) by extensions ['ros']
[0.160s] Level 1:colcon.colcon_core.package_identification:_identify(ros2_ws/src/htn_description) by extension 'ros'
[0.160s] DEBUG:colcon.colcon_core.package_identification:Package 'ros2_ws/src/htn_description' with type 'ros.ament_cmake' and name 'htn_description'
[0.160s] Level 1:colcon.colcon_core.package_identification:_identify(ros2_ws/src/htn_launch) by extensions ['ignore', 'ignore_ament_install']
[0.160s] Level 1:colcon.colcon_core.package_identification:_identify(ros2_ws/src/htn_launch) by extension 'ignore'
[0.160s] Level 1:colcon.colcon_core.package_identification:_identify(ros2_ws/src/htn_launch) by extension 'ignore_ament_install'
[0.160s] Level 1:colcon.colcon_core.package_identification:_identify(ros2_ws/src/htn_launch) by extensions ['colcon_pkg']
[0.160s] Level 1:colcon.colcon_core.package_identification:_identify(ros2_ws/src/htn_launch) by extension 'colcon_pkg'
[0.160s] Level 1:colcon.colcon_core.package_identification:_identify(ros2_ws/src/htn_launch) by extensions ['colcon_meta']
[0.160s] Level 1:colcon.colcon_core.package_identification:_identify(ros2_ws/src/htn_launch) by extension 'colcon_meta'
[0.160s] Level 1:colcon.colcon_core.package_identification:_identify(ros2_ws/src/htn_launch) by extensions ['ros']
[0.160s] Level 1:colcon.colcon_core.package_identification:_identify(ros2_ws/src/htn_launch) by extension 'ros'
[0.160s] DEBUG:colcon.colcon_core.package_identification:Package 'ros2_ws/src/htn_launch' with type 'ros.ament_cmake' and name 'htn_launch'
[0.160s] Level 1:colcon.colcon_core.package_discovery:discover_packages(recursive) using defaults
[0.160s] Level 1:colcon.colcon_core.package_discovery:discover_packages(ignore) discover
[0.160s] Level 1:colcon.colcon_core.package_discovery:discover_packages(ignore) using defaults
[0.160s] Level 1:colcon.colcon_core.package_discovery:discover_packages(path) discover
[0.160s] Level 1:colcon.colcon_core.package_discovery:discover_packages(path) using defaults
[0.171s] Level 1:colcon.colcon_core.package_discovery:discover_packages(prefix_path) check parameters
[0.171s] Level 1:colcon.colcon_core.package_discovery:discover_packages(prefix_path) discover
[0.172s] DEBUG:colcon.colcon_installed_package_information.package_discovery:Found 4 installed packages in /home/zech/exia_ws/install
[0.173s] DEBUG:colcon.colcon_installed_package_information.package_discovery:Found 2 installed packages in /home/zech/ros2_ws/install
[0.173s] DEBUG:colcon.colcon_installed_package_information.package_discovery:Found 416 installed packages in /opt/ros/humble
[0.174s] Level 1:colcon.colcon_core.package_discovery:discover_packages(prefix_path) using defaults
[0.197s] Level 5:colcon.colcon_core.verb:set package 'htn_auto' build argument 'cmake_args' from command line to 'None'
[0.198s] Level 5:colcon.colcon_core.verb:set package 'htn_auto' build argument 'cmake_target' from command line to 'None'
[0.198s] Level 5:colcon.colcon_core.verb:set package 'htn_auto' build argument 'cmake_target_skip_unavailable' from command line to 'False'
[0.198s] Level 5:colcon.colcon_core.verb:set package 'htn_auto' build argument 'cmake_clean_cache' from command line to 'False'
[0.198s] Level 5:colcon.colcon_core.verb:set package 'htn_auto' build argument 'cmake_clean_first' from command line to 'False'
[0.198s] Level 5:colcon.colcon_core.verb:set package 'htn_auto' build argument 'cmake_force_configure' from command line to 'False'
[0.198s] Level 5:colcon.colcon_core.verb:set package 'htn_auto' build argument 'ament_cmake_args' from command line to 'None'
[0.198s] Level 5:colcon.colcon_core.verb:set package 'htn_auto' build argument 'catkin_cmake_args' from command line to 'None'
[0.198s] Level 5:colcon.colcon_core.verb:set package 'htn_auto' build argument 'catkin_skip_building_tests' from command line to 'False'
[0.198s] DEBUG:colcon.colcon_core.verb:Building package 'htn_auto' with the following arguments: {'ament_cmake_args': None, 'build_base': '/home/zech/htn-2026/build/htn_auto', 'catkin_cmake_args': None, 'catkin_skip_building_tests': False, 'cmake_args': None, 'cmake_clean_cache': False, 'cmake_clean_first': False, 'cmake_force_configure': False, 'cmake_target': None, 'cmake_target_skip_unavailable': False, 'install_base': '/home/zech/htn-2026/install/htn_auto', 'merge_install': False, 'path': '/home/zech/htn-2026/ros2_ws/src/htn_auto', 'symlink_install': True, 'test_result_base': None}
[0.198s] Level 5:colcon.colcon_core.verb:set package 'htn_description' build argument 'cmake_args' from command line to 'None'
[0.198s] Level 5:colcon.colcon_core.verb:set package 'htn_description' build argument 'cmake_target' from command line to 'None'
[0.198s] Level 5:colcon.colcon_core.verb:set package 'htn_description' build argument 'cmake_target_skip_unavailable' from command line to 'False'
[0.198s] Level 5:colcon.colcon_core.verb:set package 'htn_description' build argument 'cmake_clean_cache' from command line to 'False'
[0.198s] Level 5:colcon.colcon_core.verb:set package 'htn_description' build argument 'cmake_clean_first' from command line to 'False'
[0.198s] Level 5:colcon.colcon_core.verb:set package 'htn_description' build argument 'cmake_force_configure' from command line to 'False'
[0.198s] Level 5:colcon.colcon_core.verb:set package 'htn_description' build argument 'ament_cmake_args' from command line to 'None'
[0.198s] Level 5:colcon.colcon_core.verb:set package 'htn_description' build argument 'catkin_cmake_args' from command line to 'None'
[0.198s] Level 5:colcon.colcon_core.verb:set package 'htn_description' build argument 'catkin_skip_building_tests' from command line to 'False'
[0.198s] DEBUG:colcon.colcon_core.verb:Building package 'htn_description' with the following arguments: {'ament_cmake_args': None, 'build_base': '/home/zech/htn-2026/build/htn_description', 'catkin_cmake_args': None, 'catkin_skip_building_tests': False, 'cmake_args': None, 'cmake_clean_cache': False, 'cmake_clean_first': False, 'cmake_force_configure': False, 'cmake_target': None, 'cmake_target_skip_unavailable': False, 'install_base': '/home/zech/htn-2026/install/htn_description', 'merge_install': False, 'path': '/home/zech/htn-2026/ros2_ws/src/htn_description', 'symlink_install': True, 'test_result_base': None}
[0.198s] Level 5:colcon.colcon_core.verb:set package 'htn_control' build argument 'cmake_args' from command line to 'None'
[0.198s] Level 5:colcon.colcon_core.verb:set package 'htn_control' build argument 'cmake_target' from command line to 'None'
[0.198s] Level 5:colcon.colcon_core.verb:set package 'htn_control' build argument 'cmake_target_skip_unavailable' from command line to 'False'
[0.198s] Level 5:colcon.colcon_core.verb:set package 'htn_control' build argument 'cmake_clean_cache' from command line to 'False'
[0.198s] Level 5:colcon.colcon_core.verb:set package 'htn_control' build argument 'cmake_clean_first' from command line to 'False'
[0.198s] Level 5:colcon.colcon_core.verb:set package 'htn_control' build argument 'cmake_force_configure' from command line to 'False'
[0.198s] Level 5:colcon.colcon_core.verb:set package 'htn_control' build argument 'ament_cmake_args' from command line to 'None'
[0.198s] Level 5:colcon.colcon_core.verb:set package 'htn_control' build argument 'catkin_cmake_args' from command line to 'None'
[0.198s] Level 5:colcon.colcon_core.verb:set package 'htn_control' build argument 'catkin_skip_building_tests' from command line to 'False'
[0.198s] DEBUG:colcon.colcon_core.verb:Building package 'htn_control' with the following arguments: {'ament_cmake_args': None, 'build_base': '/home/zech/htn-2026/build/htn_control', 'catkin_cmake_args': None, 'catkin_skip_building_tests': False, 'cmake_args': None, 'cmake_clean_cache': False, 'cmake_clean_first': False, 'cmake_force_configure': False, 'cmake_target': None, 'cmake_target_skip_unavailable': False, 'install_base': '/home/zech/htn-2026/install/htn_control', 'merge_install': False, 'path': '/home/zech/htn-2026/ros2_ws/src/htn_control', 'symlink_install': True, 'test_result_base': None}
[0.198s] Level 5:colcon.colcon_core.verb:set package 'htn_launch' build argument 'cmake_args' from command line to 'None'
[0.198s] Level 5:colcon.colcon_core.verb:set package 'htn_launch' build argument 'cmake_target' from command line to 'None'
[0.198s] Level 5:colcon.colcon_core.verb:set package 'htn_launch' build argument 'cmake_target_skip_unavailable' from command line to 'False'
[0.198s] Level 5:colcon.colcon_core.verb:set package 'htn_launch' build argument 'cmake_clean_cache' from command line to 'False'
[0.198s] Level 5:colcon.colcon_core.verb:set package 'htn_launch' build argument 'cmake_clean_first' from command line to 'False'
[0.198s] Level 5:colcon.colcon_core.verb:set package 'htn_launch' build argument 'cmake_force_configure' from command line to 'False'
[0.198s] Level 5:colcon.colcon_core.verb:set package 'htn_launch' build argument 'ament_cmake_args' from command line to 'None'
[0.198s] Level 5:colcon.colcon_core.verb:set package 'htn_launch' build argument 'catkin_cmake_args' from command line to 'None'
[0.198s] Level 5:colcon.colcon_core.verb:set package 'htn_launch' build argument 'catkin_skip_building_tests' from command line to 'False'
[0.198s] DEBUG:colcon.colcon_core.verb:Building package 'htn_launch' with the following arguments: {'ament_cmake_args': None, 'build_base': '/home/zech/htn-2026/build/htn_launch', 'catkin_cmake_args': None, 'catkin_skip_building_tests': False, 'cmake_args': None, 'cmake_clean_cache': False, 'cmake_clean_first': False, 'cmake_force_configure': False, 'cmake_target': None, 'cmake_target_skip_unavailable': False, 'install_base': '/home/zech/htn-2026/install/htn_launch', 'merge_install': False, 'path': '/home/zech/htn-2026/ros2_ws/src/htn_launch', 'symlink_install': True, 'test_result_base': None}
[0.199s] INFO:colcon.colcon_core.executor:Executing jobs using 'parallel' executor
[0.199s] DEBUG:colcon.colcon_parallel_executor.executor.parallel:run_until_complete
[0.199s] INFO:colcon.colcon_ros.task.ament_cmake.build:Building ROS package in '/home/zech/htn-2026/ros2_ws/src/htn_description' with build type 'ament_cmake'
[0.199s] INFO:colcon.colcon_cmake.task.cmake.build:Building CMake package in '/home/zech/htn-2026/ros2_ws/src/htn_description'
[0.201s] INFO:colcon.colcon_core.plugin_system:Skipping extension 'colcon_core.shell.bat': Not used on non-Windows systems
[0.201s] INFO:colcon.colcon_core.shell:Skip shell extension 'powershell' for command environment: Not usable outside of PowerShell
[0.201s] DEBUG:colcon.colcon_core.shell:Skip shell extension 'dsv' for command environment
[0.203s] INFO:colcon.colcon_ros.task.ament_python.build:Building ROS package in '/home/zech/htn-2026/ros2_ws/src/htn_auto' with build type 'ament_python'
[0.204s] Level 1:colcon.colcon_core.shell:create_environment_hook('htn_auto', 'ament_prefix_path')
[0.204s] INFO:colcon.colcon_core.shell:Creating environment hook '/home/zech/htn-2026/install/htn_auto/share/htn_auto/hook/ament_prefix_path.ps1'
[0.204s] INFO:colcon.colcon_core.shell:Creating environment descriptor '/home/zech/htn-2026/install/htn_auto/share/htn_auto/hook/ament_prefix_path.dsv'
[0.204s] INFO:colcon.colcon_core.shell:Creating environment hook '/home/zech/htn-2026/install/htn_auto/share/htn_auto/hook/ament_prefix_path.sh'
[0.205s] INFO:colcon.colcon_core.shell:Skip shell extension 'powershell' for command environment: Not usable outside of PowerShell
[0.205s] DEBUG:colcon.colcon_core.shell:Skip shell extension 'dsv' for command environment
[0.210s] DEBUG:colcon.colcon_core.event_handler.log_command:Invoking command in '/home/zech/htn-2026/build/htn_description': CMAKE_PREFIX_PATH=${CMAKE_PREFIX_PATH}:/home/zech/exia_ws/install/exia_driver:/home/zech/exia_ws/install/exia_control:/opt/ros/humble /usr/bin/cmake /home/zech/htn-2026/ros2_ws/src/htn_description -DAMENT_CMAKE_SYMLINK_INSTALL=1 -DCMAKE_INSTALL_PREFIX=/home/zech/htn-2026/install/htn_description
[0.359s] INFO:colcon.colcon_core.task.python.build:Building Python package in '/home/zech/htn-2026/ros2_ws/src/htn_auto'
[0.360s] INFO:colcon.colcon_core.shell:Skip shell extension 'powershell' for command environment: Not usable outside of PowerShell
[0.360s] DEBUG:colcon.colcon_core.shell:Skip shell extension 'dsv' for command environment
[0.581s] DEBUG:colcon.colcon_core.task.python.build:Available setuptools commands: develop, install_headers, bdist_egg, update_catalog, upload_docs, install_data, compile_catalog, sdist, bdist_wheel, build_scripts, build, easy_install, saveopts, test, alias, extract_messages, symlink_data, rotate, init_catalog, install, build_clib, clean, install_lib, build_py, install_scripts, register, bdist_rpm, bdist_dumb, egg_info, dist_info, check, install_egg_info, upload, build_ext, setopt, bdist
[0.655s] DEBUG:colcon.colcon_core.event_handler.log_command:Invoked command in '/home/zech/htn-2026/build/htn_description' returned '0': CMAKE_PREFIX_PATH=${CMAKE_PREFIX_PATH}:/home/zech/exia_ws/install/exia_driver:/home/zech/exia_ws/install/exia_control:/opt/ros/humble /usr/bin/cmake /home/zech/htn-2026/ros2_ws/src/htn_description -DAMENT_CMAKE_SYMLINK_INSTALL=1 -DCMAKE_INSTALL_PREFIX=/home/zech/htn-2026/install/htn_description
[0.656s] DEBUG:colcon.colcon_core.event_handler.log_command:Invoking command in '/home/zech/htn-2026/build/htn_description': CMAKE_PREFIX_PATH=${CMAKE_PREFIX_PATH}:/home/zech/exia_ws/install/exia_driver:/home/zech/exia_ws/install/exia_control:/opt/ros/humble /usr/bin/cmake --build /home/zech/htn-2026/build/htn_description -- -j20 -l20
[0.686s] DEBUG:colcon.colcon_core.event_handler.log_command:Invoked command in '/home/zech/htn-2026/build/htn_description' returned '0': CMAKE_PREFIX_PATH=${CMAKE_PREFIX_PATH}:/home/zech/exia_ws/install/exia_driver:/home/zech/exia_ws/install/exia_control:/opt/ros/humble /usr/bin/cmake --build /home/zech/htn-2026/build/htn_description -- -j20 -l20
[0.694s] DEBUG:colcon.colcon_core.event_handler.log_command:Invoking command in '/home/zech/htn-2026/build/htn_description': CMAKE_PREFIX_PATH=${CMAKE_PREFIX_PATH}:/home/zech/exia_ws/install/exia_driver:/home/zech/exia_ws/install/exia_control:/opt/ros/humble /usr/bin/cmake --install /home/zech/htn-2026/build/htn_description
[0.739s] DEBUG:colcon.colcon_core.task.python.build:Available setuptools 'develop' options: --allow-hosts, --site-dirs, --dry-run, --no-deps, --version, --uninstall, --build-directory, --no-find-links, --zip-ok, --index-url, --egg-path, --editable, --exclude-scripts, --always-copy, --install-dir, --verbose, --find-links, --user, --record, --optimize, --multi-version, --no-user-cfg, --upgrade, --local-snapshots-ok, --force-installation-into-system-dir, --script-dir, --quiet, --always-unzip, --prefix, --install-layout, --help
[0.741s] DEBUG:colcon.colcon_core.event_handler.log_command:Invoking command in '/home/zech/htn-2026/build/htn_auto': PYTHONPATH=/home/zech/htn-2026/build/htn_auto/prefix_override:/usr/lib/python3/dist-packages/colcon_core/task/python/colcon_distutils_commands:/home/zech/htn-2026/install/htn_auto/lib/python3.10/site-packages:${PYTHONPATH} /usr/bin/python3 -W ignore:setup.py install is deprecated -W ignore:easy_install command is deprecated setup.py develop --editable --build-directory /home/zech/htn-2026/build/htn_auto/build --no-deps symlink_data
[0.821s] Level 1:colcon.colcon_core.environment:create_environment_scripts_only(htn_description)
[0.822s] DEBUG:colcon.colcon_core.event_handler.log_command:Invoked command in '/home/zech/htn-2026/build/htn_description' returned '0': CMAKE_PREFIX_PATH=${CMAKE_PREFIX_PATH}:/home/zech/exia_ws/install/exia_driver:/home/zech/exia_ws/install/exia_control:/opt/ros/humble /usr/bin/cmake --install /home/zech/htn-2026/build/htn_description
[0.823s] Level 1:colcon.colcon_core.environment:checking '/home/zech/htn-2026/install/htn_description' for CMake module files
[0.823s] Level 1:colcon.colcon_core.environment:checking '/home/zech/htn-2026/install/htn_description' for CMake config files
[0.823s] Level 1:colcon.colcon_core.shell:create_environment_hook('htn_description', 'cmake_prefix_path')
[0.823s] INFO:colcon.colcon_core.shell:Creating environment hook '/home/zech/htn-2026/install/htn_description/share/htn_description/hook/cmake_prefix_path.ps1'
[0.824s] INFO:colcon.colcon_core.shell:Creating environment descriptor '/home/zech/htn-2026/install/htn_description/share/htn_description/hook/cmake_prefix_path.dsv'
[0.824s] INFO:colcon.colcon_core.shell:Creating environment hook '/home/zech/htn-2026/install/htn_description/share/htn_description/hook/cmake_prefix_path.sh'
[0.824s] Level 1:colcon.colcon_core.environment:checking '/home/zech/htn-2026/install/htn_description/bin'
[0.824s] Level 1:colcon.colcon_core.environment:checking '/home/zech/htn-2026/install/htn_description/lib/pkgconfig/htn_description.pc'
[0.824s] Level 1:colcon.colcon_core.environment:checking '/home/zech/htn-2026/install/htn_description/lib/python3.10/site-packages'
[0.824s] Level 1:colcon.colcon_core.environment:checking '/home/zech/htn-2026/install/htn_description/bin'
[0.825s] INFO:colcon.colcon_core.shell:Creating package script '/home/zech/htn-2026/install/htn_description/share/htn_description/package.ps1'
[0.825s] INFO:colcon.colcon_core.shell:Creating package descriptor '/home/zech/htn-2026/install/htn_description/share/htn_description/package.dsv'
[0.825s] INFO:colcon.colcon_core.shell:Creating package script '/home/zech/htn-2026/install/htn_description/share/htn_description/package.sh'
[0.826s] INFO:colcon.colcon_core.shell:Creating package script '/home/zech/htn-2026/install/htn_description/share/htn_description/package.bash'
[0.826s] INFO:colcon.colcon_core.shell:Creating package script '/home/zech/htn-2026/install/htn_description/share/htn_description/package.zsh'
[0.826s] Level 1:colcon.colcon_core.environment:create_file_with_runtime_dependencies(/home/zech/htn-2026/install/htn_description/share/colcon-core/packages/htn_description)
[0.827s] Level 1:colcon.colcon_core.environment:create_environment_scripts_only(htn_description)
[0.827s] Level 1:colcon.colcon_core.environment:checking '/home/zech/htn-2026/install/htn_description' for CMake module files
[0.827s] Level 1:colcon.colcon_core.environment:checking '/home/zech/htn-2026/install/htn_description' for CMake config files
[0.827s] Level 1:colcon.colcon_core.shell:create_environment_hook('htn_description', 'cmake_prefix_path')
[0.827s] INFO:colcon.colcon_core.shell:Creating environment hook '/home/zech/htn-2026/install/htn_description/share/htn_description/hook/cmake_prefix_path.ps1'
[0.827s] INFO:colcon.colcon_core.shell:Creating environment descriptor '/home/zech/htn-2026/install/htn_description/share/htn_description/hook/cmake_prefix_path.dsv'
[0.828s] INFO:colcon.colcon_core.shell:Creating environment hook '/home/zech/htn-2026/install/htn_description/share/htn_description/hook/cmake_prefix_path.sh'
[0.828s] Level 1:colcon.colcon_core.environment:checking '/home/zech/htn-2026/install/htn_description/bin'
[0.828s] Level 1:colcon.colcon_core.environment:checking '/home/zech/htn-2026/install/htn_description/lib/pkgconfig/htn_description.pc'
[0.828s] Level 1:colcon.colcon_core.environment:checking '/home/zech/htn-2026/install/htn_description/lib/python3.10/site-packages'
[0.828s] Level 1:colcon.colcon_core.environment:checking '/home/zech/htn-2026/install/htn_description/bin'
[0.828s] INFO:colcon.colcon_core.shell:Creating package script '/home/zech/htn-2026/install/htn_description/share/htn_description/package.ps1'
[0.829s] INFO:colcon.colcon_core.shell:Creating package descriptor '/home/zech/htn-2026/install/htn_description/share/htn_description/package.dsv'
[0.829s] INFO:colcon.colcon_core.shell:Creating package script '/home/zech/htn-2026/install/htn_description/share/htn_description/package.sh'
[0.829s] INFO:colcon.colcon_core.shell:Creating package script '/home/zech/htn-2026/install/htn_description/share/htn_description/package.bash'
[0.829s] INFO:colcon.colcon_core.shell:Creating package script '/home/zech/htn-2026/install/htn_description/share/htn_description/package.zsh'
[0.830s] Level 1:colcon.colcon_core.environment:create_file_with_runtime_dependencies(/home/zech/htn-2026/install/htn_description/share/colcon-core/packages/htn_description)
[0.830s] INFO:colcon.colcon_ros.task.ament_python.build:Building ROS package in '/home/zech/htn-2026/ros2_ws/src/htn_control' with build type 'ament_python'
[0.830s] Level 1:colcon.colcon_core.shell:create_environment_hook('htn_control', 'ament_prefix_path')
[0.830s] INFO:colcon.colcon_core.shell:Creating environment hook '/home/zech/htn-2026/install/htn_control/share/htn_control/hook/ament_prefix_path.ps1'
[0.830s] INFO:colcon.colcon_core.shell:Creating environment descriptor '/home/zech/htn-2026/install/htn_control/share/htn_control/hook/ament_prefix_path.dsv'
[0.831s] INFO:colcon.colcon_core.shell:Creating environment hook '/home/zech/htn-2026/install/htn_control/share/htn_control/hook/ament_prefix_path.sh'
[0.831s] INFO:colcon.colcon_core.shell:Skip shell extension 'powershell' for command environment: Not usable outside of PowerShell
[0.831s] DEBUG:colcon.colcon_core.shell:Skip shell extension 'dsv' for command environment
[0.982s] INFO:colcon.colcon_core.task.python.build:Building Python package in '/home/zech/htn-2026/ros2_ws/src/htn_control'
[0.982s] INFO:colcon.colcon_core.shell:Skip shell extension 'powershell' for command environment: Not usable outside of PowerShell
[0.982s] DEBUG:colcon.colcon_core.shell:Skip shell extension 'dsv' for command environment
[1.040s] Level 1:colcon.colcon_core.shell:create_environment_hook('htn_auto', 'pythonpath_develop')
[1.040s] INFO:colcon.colcon_core.shell:Creating environment hook '/home/zech/htn-2026/build/htn_auto/share/htn_auto/hook/pythonpath_develop.ps1'
[1.040s] DEBUG:colcon.colcon_core.event_handler.log_command:Invoked command in '/home/zech/htn-2026/build/htn_auto' returned '0': PYTHONPATH=/home/zech/htn-2026/build/htn_auto/prefix_override:/usr/lib/python3/dist-packages/colcon_core/task/python/colcon_distutils_commands:/home/zech/htn-2026/install/htn_auto/lib/python3.10/site-packages:${PYTHONPATH} /usr/bin/python3 -W ignore:setup.py install is deprecated -W ignore:easy_install command is deprecated setup.py develop --editable --build-directory /home/zech/htn-2026/build/htn_auto/build --no-deps symlink_data
[1.041s] INFO:colcon.colcon_core.shell:Creating environment descriptor '/home/zech/htn-2026/build/htn_auto/share/htn_auto/hook/pythonpath_develop.dsv'
[1.041s] INFO:colcon.colcon_core.shell:Creating environment hook '/home/zech/htn-2026/build/htn_auto/share/htn_auto/hook/pythonpath_develop.sh'
[1.042s] Level 1:colcon.colcon_core.environment:checking '/home/zech/htn-2026/install/htn_auto' for CMake module files
[1.042s] Level 1:colcon.colcon_core.environment:checking '/home/zech/htn-2026/install/htn_auto' for CMake config files
[1.042s] Level 1:colcon.colcon_core.environment:checking '/home/zech/htn-2026/install/htn_auto/lib'
[1.043s] Level 1:colcon.colcon_core.environment:checking '/home/zech/htn-2026/install/htn_auto/bin'
[1.043s] Level 1:colcon.colcon_core.environment:checking '/home/zech/htn-2026/install/htn_auto/lib/pkgconfig/htn_auto.pc'
[1.043s] Level 1:colcon.colcon_core.environment:checking '/home/zech/htn-2026/install/htn_auto/lib/python3.10/site-packages'
[1.043s] Level 1:colcon.colcon_core.shell:create_environment_hook('htn_auto', 'pythonpath')
[1.043s] INFO:colcon.colcon_core.shell:Creating environment hook '/home/zech/htn-2026/install/htn_auto/share/htn_auto/hook/pythonpath.ps1'
[1.043s] INFO:colcon.colcon_core.shell:Creating environment descriptor '/home/zech/htn-2026/install/htn_auto/share/htn_auto/hook/pythonpath.dsv'
[1.044s] INFO:colcon.colcon_core.shell:Creating environment hook '/home/zech/htn-2026/install/htn_auto/share/htn_auto/hook/pythonpath.sh'
[1.044s] Level 1:colcon.colcon_core.environment:checking '/home/zech/htn-2026/install/htn_auto/bin'
[1.044s] Level 1:colcon.colcon_core.environment:create_environment_scripts_only(htn_auto)
[1.045s] INFO:colcon.colcon_core.shell:Creating package script '/home/zech/htn-2026/install/htn_auto/share/htn_auto/package.ps1'
[1.045s] INFO:colcon.colcon_core.shell:Creating package descriptor '/home/zech/htn-2026/install/htn_auto/share/htn_auto/package.dsv'
[1.046s] INFO:colcon.colcon_core.shell:Creating package script '/home/zech/htn-2026/install/htn_auto/share/htn_auto/package.sh'
[1.046s] INFO:colcon.colcon_core.shell:Creating package script '/home/zech/htn-2026/install/htn_auto/share/htn_auto/package.bash'
[1.046s] INFO:colcon.colcon_core.shell:Creating package script '/home/zech/htn-2026/install/htn_auto/share/htn_auto/package.zsh'
[1.047s] Level 1:colcon.colcon_core.environment:create_file_with_runtime_dependencies(/home/zech/htn-2026/install/htn_auto/share/colcon-core/packages/htn_auto)
[1.228s] DEBUG:colcon.colcon_core.task.python.build:Available setuptools commands: develop, install_headers, bdist_egg, update_catalog, upload_docs, install_data, compile_catalog, sdist, bdist_wheel, build_scripts, build, easy_install, saveopts, test, alias, extract_messages, symlink_data, rotate, init_catalog, install, build_clib, clean, install_lib, build_py, install_scripts, register, bdist_rpm, bdist_dumb, egg_info, dist_info, check, install_egg_info, upload, build_ext, setopt, bdist
[1.372s] DEBUG:colcon.colcon_core.task.python.build:Available setuptools 'develop' options: --allow-hosts, --site-dirs, --dry-run, --no-deps, --version, --uninstall, --build-directory, --no-find-links, --zip-ok, --index-url, --egg-path, --editable, --exclude-scripts, --always-copy, --install-dir, --verbose, --find-links, --user, --record, --optimize, --multi-version, --no-user-cfg, --upgrade, --local-snapshots-ok, --force-installation-into-system-dir, --script-dir, --quiet, --always-unzip, --prefix, --install-layout, --help
[1.373s] DEBUG:colcon.colcon_core.event_handler.log_command:Invoking command in '/home/zech/htn-2026/build/htn_control': AMENT_PREFIX_PATH=/home/zech/htn-2026/install/htn_description:${AMENT_PREFIX_PATH} CMAKE_PREFIX_PATH=/home/zech/htn-2026/install/htn_description:${CMAKE_PREFIX_PATH} PYTHONPATH=/home/zech/htn-2026/build/htn_control/prefix_override:/usr/lib/python3/dist-packages/colcon_core/task/python/colcon_distutils_commands:/home/zech/htn-2026/install/htn_control/lib/python3.10/site-packages:${PYTHONPATH} /usr/bin/python3 -W ignore:setup.py install is deprecated -W ignore:easy_install command is deprecated setup.py develop --editable --build-directory /home/zech/htn-2026/build/htn_control/build --no-deps symlink_data
[1.656s] Level 1:colcon.colcon_core.shell:create_environment_hook('htn_control', 'pythonpath_develop')
[1.656s] INFO:colcon.colcon_core.shell:Creating environment hook '/home/zech/htn-2026/build/htn_control/share/htn_control/hook/pythonpath_develop.ps1'
[1.656s] DEBUG:colcon.colcon_core.event_handler.log_command:Invoked command in '/home/zech/htn-2026/build/htn_control' returned '0': AMENT_PREFIX_PATH=/home/zech/htn-2026/install/htn_description:${AMENT_PREFIX_PATH} CMAKE_PREFIX_PATH=/home/zech/htn-2026/install/htn_description:${CMAKE_PREFIX_PATH} PYTHONPATH=/home/zech/htn-2026/build/htn_control/prefix_override:/usr/lib/python3/dist-packages/colcon_core/task/python/colcon_distutils_commands:/home/zech/htn-2026/install/htn_control/lib/python3.10/site-packages:${PYTHONPATH} /usr/bin/python3 -W ignore:setup.py install is deprecated -W ignore:easy_install command is deprecated setup.py develop --editable --build-directory /home/zech/htn-2026/build/htn_control/build --no-deps symlink_data
[1.657s] INFO:colcon.colcon_core.shell:Creating environment descriptor '/home/zech/htn-2026/build/htn_control/share/htn_control/hook/pythonpath_develop.dsv'
[1.657s] INFO:colcon.colcon_core.shell:Creating environment hook '/home/zech/htn-2026/build/htn_control/share/htn_control/hook/pythonpath_develop.sh'
[1.658s] Level 1:colcon.colcon_core.environment:checking '/home/zech/htn-2026/install/htn_control' for CMake module files
[1.658s] Level 1:colcon.colcon_core.environment:checking '/home/zech/htn-2026/install/htn_control' for CMake config files
[1.659s] Level 1:colcon.colcon_core.environment:checking '/home/zech/htn-2026/install/htn_control/lib'
[1.659s] Level 1:colcon.colcon_core.environment:checking '/home/zech/htn-2026/install/htn_control/bin'
[1.659s] Level 1:colcon.colcon_core.environment:checking '/home/zech/htn-2026/install/htn_control/lib/pkgconfig/htn_control.pc'
[1.659s] Level 1:colcon.colcon_core.environment:checking '/home/zech/htn-2026/install/htn_control/lib/python3.10/site-packages'
[1.659s] Level 1:colcon.colcon_core.shell:create_environment_hook('htn_control', 'pythonpath')
[1.659s] INFO:colcon.colcon_core.shell:Creating environment hook '/home/zech/htn-2026/install/htn_control/share/htn_control/hook/pythonpath.ps1'
[1.660s] INFO:colcon.colcon_core.shell:Creating environment descriptor '/home/zech/htn-2026/install/htn_control/share/htn_control/hook/pythonpath.dsv'
[1.660s] INFO:colcon.colcon_core.shell:Creating environment hook '/home/zech/htn-2026/install/htn_control/share/htn_control/hook/pythonpath.sh'
[1.660s] Level 1:colcon.colcon_core.environment:checking '/home/zech/htn-2026/install/htn_control/bin'
[1.660s] Level 1:colcon.colcon_core.environment:create_environment_scripts_only(htn_control)
[1.660s] INFO:colcon.colcon_core.shell:Creating package script '/home/zech/htn-2026/install/htn_control/share/htn_control/package.ps1'
[1.661s] INFO:colcon.colcon_core.shell:Creating package descriptor '/home/zech/htn-2026/install/htn_control/share/htn_control/package.dsv'
[1.661s] INFO:colcon.colcon_core.shell:Creating package script '/home/zech/htn-2026/install/htn_control/share/htn_control/package.sh'
[1.661s] INFO:colcon.colcon_core.shell:Creating package script '/home/zech/htn-2026/install/htn_control/share/htn_control/package.bash'
[1.661s] INFO:colcon.colcon_core.shell:Creating package script '/home/zech/htn-2026/install/htn_control/share/htn_control/package.zsh'
[1.662s] Level 1:colcon.colcon_core.environment:create_file_with_runtime_dependencies(/home/zech/htn-2026/install/htn_control/share/colcon-core/packages/htn_control)
[1.662s] INFO:colcon.colcon_ros.task.ament_cmake.build:Building ROS package in '/home/zech/htn-2026/ros2_ws/src/htn_launch' with build type 'ament_cmake'
[1.662s] INFO:colcon.colcon_cmake.task.cmake.build:Building CMake package in '/home/zech/htn-2026/ros2_ws/src/htn_launch'
[1.662s] INFO:colcon.colcon_core.shell:Skip shell extension 'powershell' for command environment: Not usable outside of PowerShell
[1.662s] DEBUG:colcon.colcon_core.shell:Skip shell extension 'dsv' for command environment
[1.672s] DEBUG:colcon.colcon_core.event_handler.log_command:Invoking command in '/home/zech/htn-2026/build/htn_launch': AMENT_PREFIX_PATH=/home/zech/htn-2026/install/htn_control:/home/zech/htn-2026/install/htn_description:/home/zech/htn-2026/install/htn_auto:${AMENT_PREFIX_PATH} CMAKE_PREFIX_PATH=/home/zech/htn-2026/install/htn_description:/home/zech/exia_ws/install/exia_bringup:/home/zech/exia_ws/install/exia_msgs:/home/zech/ros2_ws/install/eclipse_diffdrive:/home/zech/ros2_ws/install/eclipse_ackermann:/home/zech/exia_ws/install/exia_driver:/home/zech/exia_ws/install/exia_control:/opt/ros/humble PYTHONPATH=/home/zech/htn-2026/build/htn_control:/home/zech/htn-2026/install/htn_control/lib/python3.10/site-packages:/home/zech/htn-2026/build/htn_auto:/home/zech/htn-2026/install/htn_auto/lib/python3.10/site-packages:${PYTHONPATH} /usr/bin/cmake /home/zech/htn-2026/ros2_ws/src/htn_launch -DAMENT_CMAKE_SYMLINK_INSTALL=1 -DCMAKE_INSTALL_PREFIX=/home/zech/htn-2026/install/htn_launch
[2.123s] DEBUG:colcon.colcon_core.event_handler.log_command:Invoked command in '/home/zech/htn-2026/build/htn_launch' returned '0': AMENT_PREFIX_PATH=/home/zech/htn-2026/install/htn_control:/home/zech/htn-2026/install/htn_description:/home/zech/htn-2026/install/htn_auto:${AMENT_PREFIX_PATH} CMAKE_PREFIX_PATH=/home/zech/htn-2026/install/htn_description:/home/zech/exia_ws/install/exia_bringup:/home/zech/exia_ws/install/exia_msgs:/home/zech/ros2_ws/install/eclipse_diffdrive:/home/zech/ros2_ws/install/eclipse_ackermann:/home/zech/exia_ws/install/exia_driver:/home/zech/exia_ws/install/exia_control:/opt/ros/humble PYTHONPATH=/home/zech/htn-2026/build/htn_control:/home/zech/htn-2026/install/htn_control/lib/python3.10/site-packages:/home/zech/htn-2026/build/htn_auto:/home/zech/htn-2026/install/htn_auto/lib/python3.10/site-packages:${PYTHONPATH} /usr/bin/cmake /home/zech/htn-2026/ros2_ws/src/htn_launch -DAMENT_CMAKE_SYMLINK_INSTALL=1 -DCMAKE_INSTALL_PREFIX=/home/zech/htn-2026/install/htn_launch
[2.124s] DEBUG:colcon.colcon_core.event_handler.log_command:Invoking command in '/home/zech/htn-2026/build/htn_launch': AMENT_PREFIX_PATH=/home/zech/htn-2026/install/htn_control:/home/zech/htn-2026/install/htn_description:/home/zech/htn-2026/install/htn_auto:${AMENT_PREFIX_PATH} CMAKE_PREFIX_PATH=/home/zech/htn-2026/install/htn_description:/home/zech/exia_ws/install/exia_bringup:/home/zech/exia_ws/install/exia_msgs:/home/zech/ros2_ws/install/eclipse_diffdrive:/home/zech/ros2_ws/install/eclipse_ackermann:/home/zech/exia_ws/install/exia_driver:/home/zech/exia_ws/install/exia_control:/opt/ros/humble PYTHONPATH=/home/zech/htn-2026/build/htn_control:/home/zech/htn-2026/install/htn_control/lib/python3.10/site-packages:/home/zech/htn-2026/build/htn_auto:/home/zech/htn-2026/install/htn_auto/lib/python3.10/site-packages:${PYTHONPATH} /usr/bin/cmake --build /home/zech/htn-2026/build/htn_launch -- -j20 -l20
[2.158s] DEBUG:colcon.colcon_core.event_handler.log_command:Invoked command in '/home/zech/htn-2026/build/htn_launch' returned '0': AMENT_PREFIX_PATH=/home/zech/htn-2026/install/htn_control:/home/zech/htn-2026/install/htn_description:/home/zech/htn-2026/install/htn_auto:${AMENT_PREFIX_PATH} CMAKE_PREFIX_PATH=/home/zech/htn-2026/install/htn_description:/home/zech/exia_ws/install/exia_bringup:/home/zech/exia_ws/install/exia_msgs:/home/zech/ros2_ws/install/eclipse_diffdrive:/home/zech/ros2_ws/install/eclipse_ackermann:/home/zech/exia_ws/install/exia_driver:/home/zech/exia_ws/install/exia_control:/opt/ros/humble PYTHONPATH=/home/zech/htn-2026/build/htn_control:/home/zech/htn-2026/install/htn_control/lib/python3.10/site-packages:/home/zech/htn-2026/build/htn_auto:/home/zech/htn-2026/install/htn_auto/lib/python3.10/site-packages:${PYTHONPATH} /usr/bin/cmake --build /home/zech/htn-2026/build/htn_launch -- -j20 -l20
[2.159s] DEBUG:colcon.colcon_core.event_handler.log_command:Invoking command in '/home/zech/htn-2026/build/htn_launch': AMENT_PREFIX_PATH=/home/zech/htn-2026/install/htn_control:/home/zech/htn-2026/install/htn_description:/home/zech/htn-2026/install/htn_auto:${AMENT_PREFIX_PATH} CMAKE_PREFIX_PATH=/home/zech/htn-2026/install/htn_description:/home/zech/exia_ws/install/exia_bringup:/home/zech/exia_ws/install/exia_msgs:/home/zech/ros2_ws/install/eclipse_diffdrive:/home/zech/ros2_ws/install/eclipse_ackermann:/home/zech/exia_ws/install/exia_driver:/home/zech/exia_ws/install/exia_control:/opt/ros/humble PYTHONPATH=/home/zech/htn-2026/build/htn_control:/home/zech/htn-2026/install/htn_control/lib/python3.10/site-packages:/home/zech/htn-2026/build/htn_auto:/home/zech/htn-2026/install/htn_auto/lib/python3.10/site-packages:${PYTHONPATH} /usr/bin/cmake --install /home/zech/htn-2026/build/htn_launch
[2.343s] Level 1:colcon.colcon_core.environment:create_environment_scripts_only(htn_launch)
[2.344s] Level 1:colcon.colcon_core.environment:checking '/home/zech/htn-2026/install/htn_launch' for CMake module files
[2.345s] DEBUG:colcon.colcon_core.event_handler.log_command:Invoked command in '/home/zech/htn-2026/build/htn_launch' returned '0': AMENT_PREFIX_PATH=/home/zech/htn-2026/install/htn_control:/home/zech/htn-2026/install/htn_description:/home/zech/htn-2026/install/htn_auto:${AMENT_PREFIX_PATH} CMAKE_PREFIX_PATH=/home/zech/htn-2026/install/htn_description:/home/zech/exia_ws/install/exia_bringup:/home/zech/exia_ws/install/exia_msgs:/home/zech/ros2_ws/install/eclipse_diffdrive:/home/zech/ros2_ws/install/eclipse_ackermann:/home/zech/exia_ws/install/exia_driver:/home/zech/exia_ws/install/exia_control:/opt/ros/humble PYTHONPATH=/home/zech/htn-2026/build/htn_control:/home/zech/htn-2026/install/htn_control/lib/python3.10/site-packages:/home/zech/htn-2026/build/htn_auto:/home/zech/htn-2026/install/htn_auto/lib/python3.10/site-packages:${PYTHONPATH} /usr/bin/cmake --install /home/zech/htn-2026/build/htn_launch
[2.345s] Level 1:colcon.colcon_core.environment:checking '/home/zech/htn-2026/install/htn_launch' for CMake config files
[2.346s] Level 1:colcon.colcon_core.shell:create_environment_hook('htn_launch', 'cmake_prefix_path')
[2.346s] INFO:colcon.colcon_core.shell:Creating environment hook '/home/zech/htn-2026/install/htn_launch/share/htn_launch/hook/cmake_prefix_path.ps1'
[2.347s] INFO:colcon.colcon_core.shell:Creating environment descriptor '/home/zech/htn-2026/install/htn_launch/share/htn_launch/hook/cmake_prefix_path.dsv'
[2.348s] INFO:colcon.colcon_core.shell:Creating environment hook '/home/zech/htn-2026/install/htn_launch/share/htn_launch/hook/cmake_prefix_path.sh'
[2.349s] Level 1:colcon.colcon_core.environment:checking '/home/zech/htn-2026/install/htn_launch/bin'
[2.349s] Level 1:colcon.colcon_core.environment:checking '/home/zech/htn-2026/install/htn_launch/lib/pkgconfig/htn_launch.pc'
[2.350s] Level 1:colcon.colcon_core.environment:checking '/home/zech/htn-2026/install/htn_launch/lib/python3.10/site-packages'
[2.350s] Level 1:colcon.colcon_core.environment:checking '/home/zech/htn-2026/install/htn_launch/bin'
[2.351s] INFO:colcon.colcon_core.shell:Creating package script '/home/zech/htn-2026/install/htn_launch/share/htn_launch/package.ps1'
[2.351s] INFO:colcon.colcon_core.shell:Creating package descriptor '/home/zech/htn-2026/install/htn_launch/share/htn_launch/package.dsv'
[2.352s] INFO:colcon.colcon_core.shell:Creating package script '/home/zech/htn-2026/install/htn_launch/share/htn_launch/package.sh'
[2.352s] INFO:colcon.colcon_core.shell:Creating package script '/home/zech/htn-2026/install/htn_launch/share/htn_launch/package.bash'
[2.353s] INFO:colcon.colcon_core.shell:Creating package script '/home/zech/htn-2026/install/htn_launch/share/htn_launch/package.zsh'
[2.353s] Level 1:colcon.colcon_core.environment:create_file_with_runtime_dependencies(/home/zech/htn-2026/install/htn_launch/share/colcon-core/packages/htn_launch)
[2.354s] Level 1:colcon.colcon_core.environment:create_environment_scripts_only(htn_launch)
[2.354s] Level 1:colcon.colcon_core.environment:checking '/home/zech/htn-2026/install/htn_launch' for CMake module files
[2.355s] Level 1:colcon.colcon_core.environment:checking '/home/zech/htn-2026/install/htn_launch' for CMake config files
[2.355s] Level 1:colcon.colcon_core.shell:create_environment_hook('htn_launch', 'cmake_prefix_path')
[2.355s] INFO:colcon.colcon_core.shell:Creating environment hook '/home/zech/htn-2026/install/htn_launch/share/htn_launch/hook/cmake_prefix_path.ps1'
[2.356s] INFO:colcon.colcon_core.shell:Creating environment descriptor '/home/zech/htn-2026/install/htn_launch/share/htn_launch/hook/cmake_prefix_path.dsv'
[2.356s] INFO:colcon.colcon_core.shell:Creating environment hook '/home/zech/htn-2026/install/htn_launch/share/htn_launch/hook/cmake_prefix_path.sh'
[2.357s] Level 1:colcon.colcon_core.environment:checking '/home/zech/htn-2026/install/htn_launch/bin'
[2.357s] Level 1:colcon.colcon_core.environment:checking '/home/zech/htn-2026/install/htn_launch/lib/pkgconfig/htn_launch.pc'
[2.357s] Level 1:colcon.colcon_core.environment:checking '/home/zech/htn-2026/install/htn_launch/lib/python3.10/site-packages'
[2.358s] Level 1:colcon.colcon_core.environment:checking '/home/zech/htn-2026/install/htn_launch/bin'
[2.358s] INFO:colcon.colcon_core.shell:Creating package script '/home/zech/htn-2026/install/htn_launch/share/htn_launch/package.ps1'
[2.359s] INFO:colcon.colcon_core.shell:Creating package descriptor '/home/zech/htn-2026/install/htn_launch/share/htn_launch/package.dsv'
[2.359s] INFO:colcon.colcon_core.shell:Creating package script '/home/zech/htn-2026/install/htn_launch/share/htn_launch/package.sh'
[2.360s] INFO:colcon.colcon_core.shell:Creating package script '/home/zech/htn-2026/install/htn_launch/share/htn_launch/package.bash'
[2.360s] INFO:colcon.colcon_core.shell:Creating package script '/home/zech/htn-2026/install/htn_launch/share/htn_launch/package.zsh'
[2.361s] Level 1:colcon.colcon_core.environment:create_file_with_runtime_dependencies(/home/zech/htn-2026/install/htn_launch/share/colcon-core/packages/htn_launch)
[2.361s] DEBUG:colcon.colcon_parallel_executor.executor.parallel:closing loop
[2.362s] DEBUG:colcon.colcon_parallel_executor.executor.parallel:loop closed
[2.362s] DEBUG:colcon.colcon_parallel_executor.executor.parallel:run_until_complete finished with '0'
[2.362s] DEBUG:colcon.colcon_core.event_reactor:joining thread
[2.368s] INFO:colcon.colcon_core.plugin_system:Skipping extension 'colcon_notification.desktop_notification.terminal_notifier': Not used on non-Darwin systems
[2.368s] INFO:colcon.colcon_core.plugin_system:Skipping extension 'colcon_notification.desktop_notification.win32': Not used on non-Windows systems
[2.369s] INFO:colcon.colcon_notification.desktop_notification:Sending desktop notification using 'notify2'
[2.385s] DEBUG:colcon.colcon_core.event_reactor:joined thread
[2.385s] INFO:colcon.colcon_core.shell:Creating prefix script '/home/zech/htn-2026/install/local_setup.ps1'
[2.386s] INFO:colcon.colcon_core.shell:Creating prefix util module '/home/zech/htn-2026/install/_local_setup_util_ps1.py'
[2.387s] INFO:colcon.colcon_core.shell:Creating prefix chain script '/home/zech/htn-2026/install/setup.ps1'
[2.388s] INFO:colcon.colcon_core.shell:Creating prefix script '/home/zech/htn-2026/install/local_setup.sh'
[2.389s] INFO:colcon.colcon_core.shell:Creating prefix util module '/home/zech/htn-2026/install/_local_setup_util_sh.py'
[2.389s] INFO:colcon.colcon_core.shell:Creating prefix chain script '/home/zech/htn-2026/install/setup.sh'
[2.390s] INFO:colcon.colcon_core.shell:Creating prefix script '/home/zech/htn-2026/install/local_setup.bash'
[2.390s] INFO:colcon.colcon_core.shell:Creating prefix chain script '/home/zech/htn-2026/install/setup.bash'
[2.391s] INFO:colcon.colcon_core.shell:Creating prefix script '/home/zech/htn-2026/install/local_setup.zsh'
[2.391s] INFO:colcon.colcon_core.shell:Creating prefix chain script '/home/zech/htn-2026/install/setup.zsh'
