[0.055s] DEBUG:colcon:Command line arguments: ['/usr/bin/colcon', 'build']
[0.055s] DEBUG:colcon:Parsed command line arguments: Namespace(log_base=None, log_level=None, verb_name='build', build_base='build', install_base='install', merge_install=False, symlink_install=False, test_result_base=None, continue_on_error=False, executor='parallel', parallel_workers=20, event_handlers=None, ignore_user_meta=False, metas=['./colcon.meta'], base_paths=['.'], packages_ignore=None, packages_ignore_regex=None, paths=None, packages_up_to=None, packages_up_to_regex=None, packages_above=None, packages_above_and_dependencies=None, packages_above_depth=None, packages_select_by_dep=None, packages_skip_by_dep=None, packages_skip_up_to=None, packages_select_build_failed=False, packages_skip_build_finished=False, packages_select_test_failures=False, packages_skip_test_passed=False, packages_select=None, packages_skip=None, packages_select_regex=None, packages_skip_regex=None, packages_start=None, packages_end=None, allow_overriding=[], cmake_args=None, cmake_target=None, cmake_target_skip_unavailable=False, cmake_clean_cache=False, cmake_clean_first=False, cmake_force_configure=False, ament_cmake_args=None, catkin_cmake_args=None, catkin_skip_building_tests=False, verb_parser=<colcon_defaults.argument_parser.defaults.DefaultArgumentsDecorator object at 0x7569a7f85000>, verb_extension=<colcon_core.verb.build.BuildVerb object at 0x7569a7f84700>, main=<bound method BuildVerb.main of <colcon_core.verb.build.BuildVerb object at 0x7569a7f84700>>)
[0.142s] Level 1:colcon.colcon_core.package_discovery:discover_packages(colcon_meta) check parameters
[0.142s] Level 1:colcon.colcon_core.package_discovery:discover_packages(recursive) check parameters
[0.142s] Level 1:colcon.colcon_core.package_discovery:discover_packages(ignore) check parameters
[0.142s] Level 1:colcon.colcon_core.package_discovery:discover_packages(path) check parameters
[0.142s] Level 1:colcon.colcon_core.package_discovery:discover_packages(colcon_meta) discover
[0.142s] Level 1:colcon.colcon_core.package_discovery:discover_packages(recursive) discover
[0.142s] INFO:colcon.colcon_core.package_discovery:Crawling recursively for packages in '/home/zech/htn-2026'
[0.142s] Level 1:colcon.colcon_core.package_identification:_identify(.) by extensions ['ignore', 'ignore_ament_install']
[0.142s] Level 1:colcon.colcon_core.package_identification:_identify(.) by extension 'ignore'
[0.142s] Level 1:colcon.colcon_core.package_identification:_identify(.) by extension 'ignore_ament_install'
[0.142s] Level 1:colcon.colcon_core.package_identification:_identify(.) by extensions ['colcon_pkg']
[0.142s] Level 1:colcon.colcon_core.package_identification:_identify(.) by extension 'colcon_pkg'
[0.142s] Level 1:colcon.colcon_core.package_identification:_identify(.) by extensions ['colcon_meta']
[0.142s] Level 1:colcon.colcon_core.package_identification:_identify(.) by extension 'colcon_meta'
[0.142s] Level 1:colcon.colcon_core.package_identification:_identify(.) by extensions ['ros']
[0.142s] Level 1:colcon.colcon_core.package_identification:_identify(.) by extension 'ros'
[0.166s] Level 1:colcon.colcon_core.package_identification:_identify(.) by extensions ['cmake', 'python']
[0.166s] Level 1:colcon.colcon_core.package_identification:_identify(.) by extension 'cmake'
[0.166s] Level 1:colcon.colcon_core.package_identification:_identify(.) by extension 'python'
[0.166s] Level 1:colcon.colcon_core.package_identification:_identify(.) by extensions ['python_setup_py']
[0.166s] Level 1:colcon.colcon_core.package_identification:_identify(.) by extension 'python_setup_py'
[0.166s] Level 1:colcon.colcon_core.package_identification:_identify(build) by extensions ['ignore', 'ignore_ament_install']
[0.166s] Level 1:colcon.colcon_core.package_identification:_identify(build) by extension 'ignore'
[0.166s] Level 1:colcon.colcon_core.package_identification:_identify(build) ignored
[0.166s] Level 1:colcon.colcon_core.package_identification:_identify(install) by extensions ['ignore', 'ignore_ament_install']
[0.166s] Level 1:colcon.colcon_core.package_identification:_identify(install) by extension 'ignore'
[0.166s] Level 1:colcon.colcon_core.package_identification:_identify(install) ignored
[0.166s] Level 1:colcon.colcon_core.package_identification:_identify(log) by extensions ['ignore', 'ignore_ament_install']
[0.166s] Level 1:colcon.colcon_core.package_identification:_identify(log) by extension 'ignore'
[0.166s] Level 1:colcon.colcon_core.package_identification:_identify(log) ignored
[0.166s] Level 1:colcon.colcon_core.package_identification:_identify(ros2_ws) by extensions ['ignore', 'ignore_ament_install']
[0.166s] Level 1:colcon.colcon_core.package_identification:_identify(ros2_ws) by extension 'ignore'
[0.166s] Level 1:colcon.colcon_core.package_identification:_identify(ros2_ws) by extension 'ignore_ament_install'
[0.166s] Level 1:colcon.colcon_core.package_identification:_identify(ros2_ws) by extensions ['colcon_pkg']
[0.166s] Level 1:colcon.colcon_core.package_identification:_identify(ros2_ws) by extension 'colcon_pkg'
[0.166s] Level 1:colcon.colcon_core.package_identification:_identify(ros2_ws) by extensions ['colcon_meta']
[0.166s] Level 1:colcon.colcon_core.package_identification:_identify(ros2_ws) by extension 'colcon_meta'
[0.166s] Level 1:colcon.colcon_core.package_identification:_identify(ros2_ws) by extensions ['ros']
[0.166s] Level 1:colcon.colcon_core.package_identification:_identify(ros2_ws) by extension 'ros'
[0.166s] Level 1:colcon.colcon_core.package_identification:_identify(ros2_ws) by extensions ['cmake', 'python']
[0.166s] Level 1:colcon.colcon_core.package_identification:_identify(ros2_ws) by extension 'cmake'
[0.166s] Level 1:colcon.colcon_core.package_identification:_identify(ros2_ws) by extension 'python'
[0.166s] Level 1:colcon.colcon_core.package_identification:_identify(ros2_ws) by extensions ['python_setup_py']
[0.166s] Level 1:colcon.colcon_core.package_identification:_identify(ros2_ws) by extension 'python_setup_py'
[0.167s] Level 1:colcon.colcon_core.package_identification:_identify(ros2_ws/build) by extensions ['ignore', 'ignore_ament_install']
[0.167s] Level 1:colcon.colcon_core.package_identification:_identify(ros2_ws/build) by extension 'ignore'
[0.167s] Level 1:colcon.colcon_core.package_identification:_identify(ros2_ws/build) ignored
[0.167s] Level 1:colcon.colcon_core.package_identification:_identify(ros2_ws/install) by extensions ['ignore', 'ignore_ament_install']
[0.167s] Level 1:colcon.colcon_core.package_identification:_identify(ros2_ws/install) by extension 'ignore'
[0.167s] Level 1:colcon.colcon_core.package_identification:_identify(ros2_ws/install) ignored
[0.167s] Level 1:colcon.colcon_core.package_identification:_identify(ros2_ws/log) by extensions ['ignore', 'ignore_ament_install']
[0.167s] Level 1:colcon.colcon_core.package_identification:_identify(ros2_ws/log) by extension 'ignore'
[0.167s] Level 1:colcon.colcon_core.package_identification:_identify(ros2_ws/log) ignored
[0.167s] Level 1:colcon.colcon_core.package_identification:_identify(ros2_ws/src) by extensions ['ignore', 'ignore_ament_install']
[0.167s] Level 1:colcon.colcon_core.package_identification:_identify(ros2_ws/src) by extension 'ignore'
[0.167s] Level 1:colcon.colcon_core.package_identification:_identify(ros2_ws/src) by extension 'ignore_ament_install'
[0.167s] Level 1:colcon.colcon_core.package_identification:_identify(ros2_ws/src) by extensions ['colcon_pkg']
[0.167s] Level 1:colcon.colcon_core.package_identification:_identify(ros2_ws/src) by extension 'colcon_pkg'
[0.167s] Level 1:colcon.colcon_core.package_identification:_identify(ros2_ws/src) by extensions ['colcon_meta']
[0.167s] Level 1:colcon.colcon_core.package_identification:_identify(ros2_ws/src) by extension 'colcon_meta'
[0.167s] Level 1:colcon.colcon_core.package_identification:_identify(ros2_ws/src) by extensions ['ros']
[0.167s] Level 1:colcon.colcon_core.package_identification:_identify(ros2_ws/src) by extension 'ros'
[0.167s] Level 1:colcon.colcon_core.package_identification:_identify(ros2_ws/src) by extensions ['cmake', 'python']
[0.167s] Level 1:colcon.colcon_core.package_identification:_identify(ros2_ws/src) by extension 'cmake'
[0.167s] Level 1:colcon.colcon_core.package_identification:_identify(ros2_ws/src) by extension 'python'
[0.167s] Level 1:colcon.colcon_core.package_identification:_identify(ros2_ws/src) by extensions ['python_setup_py']
[0.167s] Level 1:colcon.colcon_core.package_identification:_identify(ros2_ws/src) by extension 'python_setup_py'
[0.167s] Level 1:colcon.colcon_core.package_identification:_identify(ros2_ws/src/htn_auto) by extensions ['ignore', 'ignore_ament_install']
[0.167s] Level 1:colcon.colcon_core.package_identification:_identify(ros2_ws/src/htn_auto) by extension 'ignore'
[0.167s] Level 1:colcon.colcon_core.package_identification:_identify(ros2_ws/src/htn_auto) by extension 'ignore_ament_install'
[0.167s] Level 1:colcon.colcon_core.package_identification:_identify(ros2_ws/src/htn_auto) by extensions ['colcon_pkg']
[0.167s] Level 1:colcon.colcon_core.package_identification:_identify(ros2_ws/src/htn_auto) by extension 'colcon_pkg'
[0.167s] Level 1:colcon.colcon_core.package_identification:_identify(ros2_ws/src/htn_auto) by extensions ['colcon_meta']
[0.167s] Level 1:colcon.colcon_core.package_identification:_identify(ros2_ws/src/htn_auto) by extension 'colcon_meta'
[0.167s] Level 1:colcon.colcon_core.package_identification:_identify(ros2_ws/src/htn_auto) by extensions ['ros']
[0.167s] Level 1:colcon.colcon_core.package_identification:_identify(ros2_ws/src/htn_auto) by extension 'ros'
[0.169s] DEBUG:colcon.colcon_core.package_identification:Package 'ros2_ws/src/htn_auto' with type 'ros.ament_python' and name 'htn_auto'
[0.169s] Level 1:colcon.colcon_core.package_identification:_identify(ros2_ws/src/htn_control) by extensions ['ignore', 'ignore_ament_install']
[0.169s] Level 1:colcon.colcon_core.package_identification:_identify(ros2_ws/src/htn_control) by extension 'ignore'
[0.169s] Level 1:colcon.colcon_core.package_identification:_identify(ros2_ws/src/htn_control) by extension 'ignore_ament_install'
[0.169s] Level 1:colcon.colcon_core.package_identification:_identify(ros2_ws/src/htn_control) by extensions ['colcon_pkg']
[0.169s] Level 1:colcon.colcon_core.package_identification:_identify(ros2_ws/src/htn_control) by extension 'colcon_pkg'
[0.169s] Level 1:colcon.colcon_core.package_identification:_identify(ros2_ws/src/htn_control) by extensions ['colcon_meta']
[0.169s] Level 1:colcon.colcon_core.package_identification:_identify(ros2_ws/src/htn_control) by extension 'colcon_meta'
[0.169s] Level 1:colcon.colcon_core.package_identification:_identify(ros2_ws/src/htn_control) by extensions ['ros']
[0.169s] Level 1:colcon.colcon_core.package_identification:_identify(ros2_ws/src/htn_control) by extension 'ros'
[0.169s] DEBUG:colcon.colcon_core.package_identification:Package 'ros2_ws/src/htn_control' with type 'ros.ament_python' and name 'htn_control'
[0.169s] Level 1:colcon.colcon_core.package_identification:_identify(ros2_ws/src/htn_description) by extensions ['ignore', 'ignore_ament_install']
[0.169s] Level 1:colcon.colcon_core.package_identification:_identify(ros2_ws/src/htn_description) by extension 'ignore'
[0.169s] Level 1:colcon.colcon_core.package_identification:_identify(ros2_ws/src/htn_description) by extension 'ignore_ament_install'
[0.169s] Level 1:colcon.colcon_core.package_identification:_identify(ros2_ws/src/htn_description) by extensions ['colcon_pkg']
[0.169s] Level 1:colcon.colcon_core.package_identification:_identify(ros2_ws/src/htn_description) by extension 'colcon_pkg'
[0.169s] Level 1:colcon.colcon_core.package_identification:_identify(ros2_ws/src/htn_description) by extensions ['colcon_meta']
[0.169s] Level 1:colcon.colcon_core.package_identification:_identify(ros2_ws/src/htn_description) by extension 'colcon_meta'
[0.169s] Level 1:colcon.colcon_core.package_identification:_identify(ros2_ws/src/htn_description) by extensions ['ros']
[0.169s] Level 1:colcon.colcon_core.package_identification:_identify(ros2_ws/src/htn_description) by extension 'ros'
[0.170s] DEBUG:colcon.colcon_core.package_identification:Package 'ros2_ws/src/htn_description' with type 'ros.ament_cmake' and name 'htn_description'
[0.170s] Level 1:colcon.colcon_core.package_identification:_identify(ros2_ws/src/htn_launch) by extensions ['ignore', 'ignore_ament_install']
[0.170s] Level 1:colcon.colcon_core.package_identification:_identify(ros2_ws/src/htn_launch) by extension 'ignore'
[0.170s] Level 1:colcon.colcon_core.package_identification:_identify(ros2_ws/src/htn_launch) by extension 'ignore_ament_install'
[0.170s] Level 1:colcon.colcon_core.package_identification:_identify(ros2_ws/src/htn_launch) by extensions ['colcon_pkg']
[0.170s] Level 1:colcon.colcon_core.package_identification:_identify(ros2_ws/src/htn_launch) by extension 'colcon_pkg'
[0.170s] Level 1:colcon.colcon_core.package_identification:_identify(ros2_ws/src/htn_launch) by extensions ['colcon_meta']
[0.170s] Level 1:colcon.colcon_core.package_identification:_identify(ros2_ws/src/htn_launch) by extension 'colcon_meta'
[0.170s] Level 1:colcon.colcon_core.package_identification:_identify(ros2_ws/src/htn_launch) by extensions ['ros']
[0.170s] Level 1:colcon.colcon_core.package_identification:_identify(ros2_ws/src/htn_launch) by extension 'ros'
[0.170s] DEBUG:colcon.colcon_core.package_identification:Package 'ros2_ws/src/htn_launch' with type 'ros.ament_cmake' and name 'htn_launch'
[0.170s] Level 1:colcon.colcon_core.package_discovery:discover_packages(recursive) using defaults
[0.170s] Level 1:colcon.colcon_core.package_discovery:discover_packages(ignore) discover
[0.170s] Level 1:colcon.colcon_core.package_discovery:discover_packages(ignore) using defaults
[0.170s] Level 1:colcon.colcon_core.package_discovery:discover_packages(path) discover
[0.170s] Level 1:colcon.colcon_core.package_discovery:discover_packages(path) using defaults
[0.181s] Level 1:colcon.colcon_core.package_discovery:discover_packages(prefix_path) check parameters
[0.181s] Level 1:colcon.colcon_core.package_discovery:discover_packages(prefix_path) discover
[0.182s] DEBUG:colcon.colcon_installed_package_information.package_discovery:Found 4 installed packages in /home/zech/htn-2026/install
[0.183s] DEBUG:colcon.colcon_installed_package_information.package_discovery:Found 4 installed packages in /home/zech/exia_ws/install
[0.183s] DEBUG:colcon.colcon_installed_package_information.package_discovery:Found 2 installed packages in /home/zech/ros2_ws/install
[0.183s] DEBUG:colcon.colcon_installed_package_information.package_discovery:Found 416 installed packages in /opt/ros/humble
[0.184s] Level 1:colcon.colcon_core.package_discovery:discover_packages(prefix_path) using defaults
[0.206s] Level 5:colcon.colcon_core.verb:set package 'htn_auto' build argument 'cmake_args' from command line to 'None'
[0.206s] Level 5:colcon.colcon_core.verb:set package 'htn_auto' build argument 'cmake_target' from command line to 'None'
[0.206s] Level 5:colcon.colcon_core.verb:set package 'htn_auto' build argument 'cmake_target_skip_unavailable' from command line to 'False'
[0.206s] Level 5:colcon.colcon_core.verb:set package 'htn_auto' build argument 'cmake_clean_cache' from command line to 'False'
[0.206s] Level 5:colcon.colcon_core.verb:set package 'htn_auto' build argument 'cmake_clean_first' from command line to 'False'
[0.206s] Level 5:colcon.colcon_core.verb:set package 'htn_auto' build argument 'cmake_force_configure' from command line to 'False'
[0.206s] Level 5:colcon.colcon_core.verb:set package 'htn_auto' build argument 'ament_cmake_args' from command line to 'None'
[0.206s] Level 5:colcon.colcon_core.verb:set package 'htn_auto' build argument 'catkin_cmake_args' from command line to 'None'
[0.206s] Level 5:colcon.colcon_core.verb:set package 'htn_auto' build argument 'catkin_skip_building_tests' from command line to 'False'
[0.206s] DEBUG:colcon.colcon_core.verb:Building package 'htn_auto' with the following arguments: {'ament_cmake_args': None, 'build_base': '/home/zech/htn-2026/build/htn_auto', 'catkin_cmake_args': None, 'catkin_skip_building_tests': False, 'cmake_args': None, 'cmake_clean_cache': False, 'cmake_clean_first': False, 'cmake_force_configure': False, 'cmake_target': None, 'cmake_target_skip_unavailable': False, 'install_base': '/home/zech/htn-2026/install/htn_auto', 'merge_install': False, 'path': '/home/zech/htn-2026/ros2_ws/src/htn_auto', 'symlink_install': False, 'test_result_base': None}
[0.207s] Level 5:colcon.colcon_core.verb:set package 'htn_description' build argument 'cmake_args' from command line to 'None'
[0.207s] Level 5:colcon.colcon_core.verb:set package 'htn_description' build argument 'cmake_target' from command line to 'None'
[0.207s] Level 5:colcon.colcon_core.verb:set package 'htn_description' build argument 'cmake_target_skip_unavailable' from command line to 'False'
[0.207s] Level 5:colcon.colcon_core.verb:set package 'htn_description' build argument 'cmake_clean_cache' from command line to 'False'
[0.207s] Level 5:colcon.colcon_core.verb:set package 'htn_description' build argument 'cmake_clean_first' from command line to 'False'
[0.207s] Level 5:colcon.colcon_core.verb:set package 'htn_description' build argument 'cmake_force_configure' from command line to 'False'
[0.207s] Level 5:colcon.colcon_core.verb:set package 'htn_description' build argument 'ament_cmake_args' from command line to 'None'
[0.207s] Level 5:colcon.colcon_core.verb:set package 'htn_description' build argument 'catkin_cmake_args' from command line to 'None'
[0.207s] Level 5:colcon.colcon_core.verb:set package 'htn_description' build argument 'catkin_skip_building_tests' from command line to 'False'
[0.207s] DEBUG:colcon.colcon_core.verb:Building package 'htn_description' with the following arguments: {'ament_cmake_args': None, 'build_base': '/home/zech/htn-2026/build/htn_description', 'catkin_cmake_args': None, 'catkin_skip_building_tests': False, 'cmake_args': None, 'cmake_clean_cache': False, 'cmake_clean_first': False, 'cmake_force_configure': False, 'cmake_target': None, 'cmake_target_skip_unavailable': False, 'install_base': '/home/zech/htn-2026/install/htn_description', 'merge_install': False, 'path': '/home/zech/htn-2026/ros2_ws/src/htn_description', 'symlink_install': False, 'test_result_base': None}
[0.207s] Level 5:colcon.colcon_core.verb:set package 'htn_control' build argument 'cmake_args' from command line to 'None'
[0.207s] Level 5:colcon.colcon_core.verb:set package 'htn_control' build argument 'cmake_target' from command line to 'None'
[0.207s] Level 5:colcon.colcon_core.verb:set package 'htn_control' build argument 'cmake_target_skip_unavailable' from command line to 'False'
[0.207s] Level 5:colcon.colcon_core.verb:set package 'htn_control' build argument 'cmake_clean_cache' from command line to 'False'
[0.207s] Level 5:colcon.colcon_core.verb:set package 'htn_control' build argument 'cmake_clean_first' from command line to 'False'
[0.207s] Level 5:colcon.colcon_core.verb:set package 'htn_control' build argument 'cmake_force_configure' from command line to 'False'
[0.207s] Level 5:colcon.colcon_core.verb:set package 'htn_control' build argument 'ament_cmake_args' from command line to 'None'
[0.207s] Level 5:colcon.colcon_core.verb:set package 'htn_control' build argument 'catkin_cmake_args' from command line to 'None'
[0.207s] Level 5:colcon.colcon_core.verb:set package 'htn_control' build argument 'catkin_skip_building_tests' from command line to 'False'
[0.207s] DEBUG:colcon.colcon_core.verb:Building package 'htn_control' with the following arguments: {'ament_cmake_args': None, 'build_base': '/home/zech/htn-2026/build/htn_control', 'catkin_cmake_args': None, 'catkin_skip_building_tests': False, 'cmake_args': None, 'cmake_clean_cache': False, 'cmake_clean_first': False, 'cmake_force_configure': False, 'cmake_target': None, 'cmake_target_skip_unavailable': False, 'install_base': '/home/zech/htn-2026/install/htn_control', 'merge_install': False, 'path': '/home/zech/htn-2026/ros2_ws/src/htn_control', 'symlink_install': False, 'test_result_base': None}
[0.207s] Level 5:colcon.colcon_core.verb:set package 'htn_launch' build argument 'cmake_args' from command line to 'None'
[0.207s] Level 5:colcon.colcon_core.verb:set package 'htn_launch' build argument 'cmake_target' from command line to 'None'
[0.207s] Level 5:colcon.colcon_core.verb:set package 'htn_launch' build argument 'cmake_target_skip_unavailable' from command line to 'False'
[0.207s] Level 5:colcon.colcon_core.verb:set package 'htn_launch' build argument 'cmake_clean_cache' from command line to 'False'
[0.207s] Level 5:colcon.colcon_core.verb:set package 'htn_launch' build argument 'cmake_clean_first' from command line to 'False'
[0.207s] Level 5:colcon.colcon_core.verb:set package 'htn_launch' build argument 'cmake_force_configure' from command line to 'False'
[0.207s] Level 5:colcon.colcon_core.verb:set package 'htn_launch' build argument 'ament_cmake_args' from command line to 'None'
[0.207s] Level 5:colcon.colcon_core.verb:set package 'htn_launch' build argument 'catkin_cmake_args' from command line to 'None'
[0.207s] Level 5:colcon.colcon_core.verb:set package 'htn_launch' build argument 'catkin_skip_building_tests' from command line to 'False'
[0.207s] DEBUG:colcon.colcon_core.verb:Building package 'htn_launch' with the following arguments: {'ament_cmake_args': None, 'build_base': '/home/zech/htn-2026/build/htn_launch', 'catkin_cmake_args': None, 'catkin_skip_building_tests': False, 'cmake_args': None, 'cmake_clean_cache': False, 'cmake_clean_first': False, 'cmake_force_configure': False, 'cmake_target': None, 'cmake_target_skip_unavailable': False, 'install_base': '/home/zech/htn-2026/install/htn_launch', 'merge_install': False, 'path': '/home/zech/htn-2026/ros2_ws/src/htn_launch', 'symlink_install': False, 'test_result_base': None}
[0.207s] INFO:colcon.colcon_core.executor:Executing jobs using 'parallel' executor
[0.208s] DEBUG:colcon.colcon_parallel_executor.executor.parallel:run_until_complete
[0.208s] INFO:colcon.colcon_ros.task.ament_cmake.build:Building ROS package in '/home/zech/htn-2026/ros2_ws/src/htn_description' with build type 'ament_cmake'
[0.208s] INFO:colcon.colcon_cmake.task.cmake.build:Building CMake package in '/home/zech/htn-2026/ros2_ws/src/htn_description'
[0.209s] INFO:colcon.colcon_core.plugin_system:Skipping extension 'colcon_core.shell.bat': Not used on non-Windows systems
[0.209s] INFO:colcon.colcon_core.shell:Skip shell extension 'powershell' for command environment: Not usable outside of PowerShell
[0.209s] DEBUG:colcon.colcon_core.shell:Skip shell extension 'dsv' for command environment
[0.212s] INFO:colcon.colcon_ros.task.ament_python.build:Building ROS package in '/home/zech/htn-2026/ros2_ws/src/htn_auto' with build type 'ament_python'
[0.212s] Level 1:colcon.colcon_core.shell:create_environment_hook('htn_auto', 'ament_prefix_path')
[0.212s] INFO:colcon.colcon_core.shell:Creating environment hook '/home/zech/htn-2026/install/htn_auto/share/htn_auto/hook/ament_prefix_path.ps1'
[0.213s] INFO:colcon.colcon_core.shell:Creating environment descriptor '/home/zech/htn-2026/install/htn_auto/share/htn_auto/hook/ament_prefix_path.dsv'
[0.213s] INFO:colcon.colcon_core.shell:Creating environment hook '/home/zech/htn-2026/install/htn_auto/share/htn_auto/hook/ament_prefix_path.sh'
[0.213s] INFO:colcon.colcon_core.shell:Skip shell extension 'powershell' for command environment: Not usable outside of PowerShell
[0.213s] DEBUG:colcon.colcon_core.shell:Skip shell extension 'dsv' for command environment
[0.217s] DEBUG:colcon.colcon_core.event_handler.log_command:Invoking command in '/home/zech/htn-2026/build/htn_description': CMAKE_PREFIX_PATH=${CMAKE_PREFIX_PATH}:/home/zech/htn-2026/install/htn_control:/home/zech/htn-2026/install/htn_auto:/home/zech/exia_ws/install/exia_driver:/home/zech/exia_ws/install/exia_control:/opt/ros/humble /usr/bin/cmake /home/zech/htn-2026/ros2_ws/src/htn_description -DCMAKE_INSTALL_PREFIX=/home/zech/htn-2026/install/htn_description
[0.348s] INFO:colcon.colcon_core.task.python.build:Building Python package in '/home/zech/htn-2026/ros2_ws/src/htn_auto'
[0.349s] INFO:colcon.colcon_core.shell:Skip shell extension 'powershell' for command environment: Not usable outside of PowerShell
[0.349s] DEBUG:colcon.colcon_core.shell:Skip shell extension 'dsv' for command environment
[0.368s] DEBUG:colcon.colcon_core.event_handler.log_command:Invoked command in '/home/zech/htn-2026/build/htn_description' returned '0': CMAKE_PREFIX_PATH=${CMAKE_PREFIX_PATH}:/home/zech/htn-2026/install/htn_control:/home/zech/htn-2026/install/htn_auto:/home/zech/exia_ws/install/exia_driver:/home/zech/exia_ws/install/exia_control:/opt/ros/humble /usr/bin/cmake /home/zech/htn-2026/ros2_ws/src/htn_description -DCMAKE_INSTALL_PREFIX=/home/zech/htn-2026/install/htn_description
[0.370s] DEBUG:colcon.colcon_core.event_handler.log_command:Invoking command in '/home/zech/htn-2026/build/htn_description': CMAKE_PREFIX_PATH=${CMAKE_PREFIX_PATH}:/home/zech/htn-2026/install/htn_control:/home/zech/htn-2026/install/htn_auto:/home/zech/exia_ws/install/exia_driver:/home/zech/exia_ws/install/exia_control:/opt/ros/humble /usr/bin/cmake --build /home/zech/htn-2026/build/htn_description -- -j20 -l20
[0.398s] DEBUG:colcon.colcon_core.event_handler.log_command:Invoked command in '/home/zech/htn-2026/build/htn_description' returned '0': CMAKE_PREFIX_PATH=${CMAKE_PREFIX_PATH}:/home/zech/htn-2026/install/htn_control:/home/zech/htn-2026/install/htn_auto:/home/zech/exia_ws/install/exia_driver:/home/zech/exia_ws/install/exia_control:/opt/ros/humble /usr/bin/cmake --build /home/zech/htn-2026/build/htn_description -- -j20 -l20
[0.406s] DEBUG:colcon.colcon_core.event_handler.log_command:Invoking command in '/home/zech/htn-2026/build/htn_description': CMAKE_PREFIX_PATH=${CMAKE_PREFIX_PATH}:/home/zech/htn-2026/install/htn_control:/home/zech/htn-2026/install/htn_auto:/home/zech/exia_ws/install/exia_driver:/home/zech/exia_ws/install/exia_control:/opt/ros/humble /usr/bin/cmake --install /home/zech/htn-2026/build/htn_description
[0.420s] Level 1:colcon.colcon_core.environment:create_environment_scripts_only(htn_description)
[0.421s] DEBUG:colcon.colcon_core.event_handler.log_command:Invoked command in '/home/zech/htn-2026/build/htn_description' returned '0': CMAKE_PREFIX_PATH=${CMAKE_PREFIX_PATH}:/home/zech/htn-2026/install/htn_control:/home/zech/htn-2026/install/htn_auto:/home/zech/exia_ws/install/exia_driver:/home/zech/exia_ws/install/exia_control:/opt/ros/humble /usr/bin/cmake --install /home/zech/htn-2026/build/htn_description
[0.423s] Level 1:colcon.colcon_core.environment:checking '/home/zech/htn-2026/install/htn_description' for CMake module files
[0.423s] Level 1:colcon.colcon_core.environment:checking '/home/zech/htn-2026/install/htn_description' for CMake config files
[0.423s] Level 1:colcon.colcon_core.shell:create_environment_hook('htn_description', 'cmake_prefix_path')
[0.423s] INFO:colcon.colcon_core.shell:Creating environment hook '/home/zech/htn-2026/install/htn_description/share/htn_description/hook/cmake_prefix_path.ps1'
[0.423s] INFO:colcon.colcon_core.shell:Creating environment descriptor '/home/zech/htn-2026/install/htn_description/share/htn_description/hook/cmake_prefix_path.dsv'
[0.424s] INFO:colcon.colcon_core.shell:Creating environment hook '/home/zech/htn-2026/install/htn_description/share/htn_description/hook/cmake_prefix_path.sh'
[0.424s] Level 1:colcon.colcon_core.environment:checking '/home/zech/htn-2026/install/htn_description/bin'
[0.424s] Level 1:colcon.colcon_core.environment:checking '/home/zech/htn-2026/install/htn_description/lib/pkgconfig/htn_description.pc'
[0.424s] Level 1:colcon.colcon_core.environment:checking '/home/zech/htn-2026/install/htn_description/lib/python3.10/site-packages'
[0.424s] Level 1:colcon.colcon_core.environment:checking '/home/zech/htn-2026/install/htn_description/bin'
[0.424s] INFO:colcon.colcon_core.shell:Creating package script '/home/zech/htn-2026/install/htn_description/share/htn_description/package.ps1'
[0.425s] INFO:colcon.colcon_core.shell:Creating package descriptor '/home/zech/htn-2026/install/htn_description/share/htn_description/package.dsv'
[0.425s] INFO:colcon.colcon_core.shell:Creating package script '/home/zech/htn-2026/install/htn_description/share/htn_description/package.sh'
[0.426s] INFO:colcon.colcon_core.shell:Creating package script '/home/zech/htn-2026/install/htn_description/share/htn_description/package.bash'
[0.426s] INFO:colcon.colcon_core.shell:Creating package script '/home/zech/htn-2026/install/htn_description/share/htn_description/package.zsh'
[0.426s] Level 1:colcon.colcon_core.environment:create_file_with_runtime_dependencies(/home/zech/htn-2026/install/htn_description/share/colcon-core/packages/htn_description)
[0.426s] Level 1:colcon.colcon_core.environment:create_environment_scripts_only(htn_description)
[0.427s] Level 1:colcon.colcon_core.environment:checking '/home/zech/htn-2026/install/htn_description' for CMake module files
[0.427s] Level 1:colcon.colcon_core.environment:checking '/home/zech/htn-2026/install/htn_description' for CMake config files
[0.427s] Level 1:colcon.colcon_core.shell:create_environment_hook('htn_description', 'cmake_prefix_path')
[0.427s] INFO:colcon.colcon_core.shell:Creating environment hook '/home/zech/htn-2026/install/htn_description/share/htn_description/hook/cmake_prefix_path.ps1'
[0.427s] INFO:colcon.colcon_core.shell:Creating environment descriptor '/home/zech/htn-2026/install/htn_description/share/htn_description/hook/cmake_prefix_path.dsv'
[0.427s] INFO:colcon.colcon_core.shell:Creating environment hook '/home/zech/htn-2026/install/htn_description/share/htn_description/hook/cmake_prefix_path.sh'
[0.428s] Level 1:colcon.colcon_core.environment:checking '/home/zech/htn-2026/install/htn_description/bin'
[0.428s] Level 1:colcon.colcon_core.environment:checking '/home/zech/htn-2026/install/htn_description/lib/pkgconfig/htn_description.pc'
[0.428s] Level 1:colcon.colcon_core.environment:checking '/home/zech/htn-2026/install/htn_description/lib/python3.10/site-packages'
[0.428s] Level 1:colcon.colcon_core.environment:checking '/home/zech/htn-2026/install/htn_description/bin'
[0.428s] INFO:colcon.colcon_core.shell:Creating package script '/home/zech/htn-2026/install/htn_description/share/htn_description/package.ps1'
[0.428s] INFO:colcon.colcon_core.shell:Creating package descriptor '/home/zech/htn-2026/install/htn_description/share/htn_description/package.dsv'
[0.428s] INFO:colcon.colcon_core.shell:Creating package script '/home/zech/htn-2026/install/htn_description/share/htn_description/package.sh'
[0.429s] INFO:colcon.colcon_core.shell:Creating package script '/home/zech/htn-2026/install/htn_description/share/htn_description/package.bash'
[0.429s] INFO:colcon.colcon_core.shell:Creating package script '/home/zech/htn-2026/install/htn_description/share/htn_description/package.zsh'
[0.429s] Level 1:colcon.colcon_core.environment:create_file_with_runtime_dependencies(/home/zech/htn-2026/install/htn_description/share/colcon-core/packages/htn_description)
[0.429s] INFO:colcon.colcon_ros.task.ament_python.build:Building ROS package in '/home/zech/htn-2026/ros2_ws/src/htn_control' with build type 'ament_python'
[0.429s] Level 1:colcon.colcon_core.shell:create_environment_hook('htn_control', 'ament_prefix_path')
[0.429s] INFO:colcon.colcon_core.shell:Creating environment hook '/home/zech/htn-2026/install/htn_control/share/htn_control/hook/ament_prefix_path.ps1'
[0.430s] INFO:colcon.colcon_core.shell:Creating environment descriptor '/home/zech/htn-2026/install/htn_control/share/htn_control/hook/ament_prefix_path.dsv'
[0.430s] INFO:colcon.colcon_core.shell:Creating environment hook '/home/zech/htn-2026/install/htn_control/share/htn_control/hook/ament_prefix_path.sh'
[0.430s] INFO:colcon.colcon_core.shell:Skip shell extension 'powershell' for command environment: Not usable outside of PowerShell
[0.430s] DEBUG:colcon.colcon_core.shell:Skip shell extension 'dsv' for command environment
[0.569s] INFO:colcon.colcon_core.task.python.build:Building Python package in '/home/zech/htn-2026/ros2_ws/src/htn_control'
[0.570s] INFO:colcon.colcon_core.shell:Skip shell extension 'powershell' for command environment: Not usable outside of PowerShell
[0.570s] DEBUG:colcon.colcon_core.shell:Skip shell extension 'dsv' for command environment
[0.573s] DEBUG:colcon.colcon_core.task.python.build:Available setuptools commands: init_catalog, clean, develop, extract_messages, egg_info, build_clib, rotate, build_py, symlink_data, test, register, bdist_rpm, install_lib, bdist_dumb, bdist, update_catalog, build, easy_install, install_egg_info, setopt, build_scripts, sdist, alias, saveopts, install_scripts, install_headers, upload, bdist_wheel, install_data, install, dist_info, upload_docs, build_ext, check, bdist_egg, compile_catalog
[0.573s] DEBUG:colcon.colcon_core.event_handler.log_command:Invoking command in '/home/zech/htn-2026/build/htn_auto': PYTHONPATH=/home/zech/htn-2026/build/htn_auto/prefix_override:/usr/lib/python3/dist-packages/colcon_core/task/python/colcon_distutils_commands:/home/zech/htn-2026/install/htn_auto/lib/python3.10/site-packages:${PYTHONPATH} /usr/bin/python3 -W ignore:setup.py install is deprecated -W ignore:easy_install command is deprecated setup.py develop --uninstall --editable --build-directory /home/zech/htn-2026/build/htn_auto/build
[0.793s] DEBUG:colcon.colcon_core.task.python.build:Available setuptools commands: init_catalog, clean, develop, extract_messages, egg_info, build_clib, rotate, build_py, symlink_data, test, register, bdist_rpm, install_lib, bdist_dumb, bdist, update_catalog, build, easy_install, install_egg_info, setopt, build_scripts, sdist, alias, saveopts, install_scripts, install_headers, upload, bdist_wheel, install_data, install, dist_info, upload_docs, build_ext, check, bdist_egg, compile_catalog
[0.795s] DEBUG:colcon.colcon_core.event_handler.log_command:Invoking command in '/home/zech/htn-2026/build/htn_control': CMAKE_PREFIX_PATH=/home/zech/htn-2026/install/htn_description:/home/zech/htn-2026/install/htn_launch:/home/zech/exia_ws/install/exia_bringup:/home/zech/exia_ws/install/exia_msgs:/home/zech/ros2_ws/install/eclipse_diffdrive:/home/zech/ros2_ws/install/eclipse_ackermann PYTHONPATH=/home/zech/htn-2026/build/htn_control/prefix_override:/usr/lib/python3/dist-packages/colcon_core/task/python/colcon_distutils_commands:/home/zech/htn-2026/install/htn_control/lib/python3.10/site-packages:${PYTHONPATH} /usr/bin/python3 -W ignore:setup.py install is deprecated -W ignore:easy_install command is deprecated setup.py develop --uninstall --editable --build-directory /home/zech/htn-2026/build/htn_control/build
[0.809s] DEBUG:colcon.colcon_core.event_handler.log_command:Invoked command in '/home/zech/htn-2026/build/htn_auto' returned '0': PYTHONPATH=/home/zech/htn-2026/build/htn_auto/prefix_override:/usr/lib/python3/dist-packages/colcon_core/task/python/colcon_distutils_commands:/home/zech/htn-2026/install/htn_auto/lib/python3.10/site-packages:${PYTHONPATH} /usr/bin/python3 -W ignore:setup.py install is deprecated -W ignore:easy_install command is deprecated setup.py develop --uninstall --editable --build-directory /home/zech/htn-2026/build/htn_auto/build
[0.811s] DEBUG:colcon.colcon_core.event_handler.log_command:Invoking command in '/home/zech/htn-2026/ros2_ws/src/htn_auto': PYTHONPATH=/home/zech/htn-2026/build/htn_auto/prefix_override:/usr/lib/python3/dist-packages/colcon_core/task/python/colcon_distutils_commands:/home/zech/htn-2026/install/htn_auto/lib/python3.10/site-packages:${PYTHONPATH} /usr/bin/python3 -W ignore:setup.py install is deprecated -W ignore:easy_install command is deprecated setup.py egg_info --egg-base ../../../build/htn_auto build --build-base /home/zech/htn-2026/build/htn_auto/build install --record /home/zech/htn-2026/build/htn_auto/install.log --install-scripts $base/lib/htn_auto --single-version-externally-managed install_data --force
[0.971s] Level 1:colcon.colcon_core.environment:checking '/home/zech/htn-2026/install/htn_auto' for CMake module files
[0.972s] DEBUG:colcon.colcon_core.event_handler.log_command:Invoked command in '/home/zech/htn-2026/ros2_ws/src/htn_auto' returned '0': PYTHONPATH=/home/zech/htn-2026/build/htn_auto/prefix_override:/usr/lib/python3/dist-packages/colcon_core/task/python/colcon_distutils_commands:/home/zech/htn-2026/install/htn_auto/lib/python3.10/site-packages:${PYTHONPATH} /usr/bin/python3 -W ignore:setup.py install is deprecated -W ignore:easy_install command is deprecated setup.py egg_info --egg-base ../../../build/htn_auto build --build-base /home/zech/htn-2026/build/htn_auto/build install --record /home/zech/htn-2026/build/htn_auto/install.log --install-scripts $base/lib/htn_auto --single-version-externally-managed install_data --force
[0.972s] Level 1:colcon.colcon_core.environment:checking '/home/zech/htn-2026/install/htn_auto' for CMake config files
[0.972s] Level 1:colcon.colcon_core.environment:checking '/home/zech/htn-2026/install/htn_auto/lib'
[0.972s] Level 1:colcon.colcon_core.environment:checking '/home/zech/htn-2026/install/htn_auto/bin'
[0.972s] Level 1:colcon.colcon_core.environment:checking '/home/zech/htn-2026/install/htn_auto/lib/pkgconfig/htn_auto.pc'
[0.972s] Level 1:colcon.colcon_core.environment:checking '/home/zech/htn-2026/install/htn_auto/lib/python3.10/site-packages'
[0.972s] Level 1:colcon.colcon_core.shell:create_environment_hook('htn_auto', 'pythonpath')
[0.973s] INFO:colcon.colcon_core.shell:Creating environment hook '/home/zech/htn-2026/install/htn_auto/share/htn_auto/hook/pythonpath.ps1'
[0.973s] INFO:colcon.colcon_core.shell:Creating environment descriptor '/home/zech/htn-2026/install/htn_auto/share/htn_auto/hook/pythonpath.dsv'
[0.973s] INFO:colcon.colcon_core.shell:Creating environment hook '/home/zech/htn-2026/install/htn_auto/share/htn_auto/hook/pythonpath.sh'
[0.973s] Level 1:colcon.colcon_core.environment:checking '/home/zech/htn-2026/install/htn_auto/bin'
[0.973s] Level 1:colcon.colcon_core.environment:create_environment_scripts_only(htn_auto)
[0.974s] INFO:colcon.colcon_core.shell:Creating package script '/home/zech/htn-2026/install/htn_auto/share/htn_auto/package.ps1'
[0.974s] INFO:colcon.colcon_core.shell:Creating package descriptor '/home/zech/htn-2026/install/htn_auto/share/htn_auto/package.dsv'
[0.974s] INFO:colcon.colcon_core.shell:Creating package script '/home/zech/htn-2026/install/htn_auto/share/htn_auto/package.sh'
[0.974s] INFO:colcon.colcon_core.shell:Creating package script '/home/zech/htn-2026/install/htn_auto/share/htn_auto/package.bash'
[0.974s] INFO:colcon.colcon_core.shell:Creating package script '/home/zech/htn-2026/install/htn_auto/share/htn_auto/package.zsh'
[0.975s] Level 1:colcon.colcon_core.environment:create_file_with_runtime_dependencies(/home/zech/htn-2026/install/htn_auto/share/colcon-core/packages/htn_auto)
[1.034s] DEBUG:colcon.colcon_core.event_handler.log_command:Invoked command in '/home/zech/htn-2026/build/htn_control' returned '0': CMAKE_PREFIX_PATH=/home/zech/htn-2026/install/htn_description:/home/zech/htn-2026/install/htn_launch:/home/zech/exia_ws/install/exia_bringup:/home/zech/exia_ws/install/exia_msgs:/home/zech/ros2_ws/install/eclipse_diffdrive:/home/zech/ros2_ws/install/eclipse_ackermann PYTHONPATH=/home/zech/htn-2026/build/htn_control/prefix_override:/usr/lib/python3/dist-packages/colcon_core/task/python/colcon_distutils_commands:/home/zech/htn-2026/install/htn_control/lib/python3.10/site-packages:${PYTHONPATH} /usr/bin/python3 -W ignore:setup.py install is deprecated -W ignore:easy_install command is deprecated setup.py develop --uninstall --editable --build-directory /home/zech/htn-2026/build/htn_control/build
[1.036s] DEBUG:colcon.colcon_core.event_handler.log_command:Invoking command in '/home/zech/htn-2026/ros2_ws/src/htn_control': CMAKE_PREFIX_PATH=/home/zech/htn-2026/install/htn_description:/home/zech/htn-2026/install/htn_launch:/home/zech/exia_ws/install/exia_bringup:/home/zech/exia_ws/install/exia_msgs:/home/zech/ros2_ws/install/eclipse_diffdrive:/home/zech/ros2_ws/install/eclipse_ackermann PYTHONPATH=/home/zech/htn-2026/build/htn_control/prefix_override:/usr/lib/python3/dist-packages/colcon_core/task/python/colcon_distutils_commands:/home/zech/htn-2026/install/htn_control/lib/python3.10/site-packages:${PYTHONPATH} /usr/bin/python3 -W ignore:setup.py install is deprecated -W ignore:easy_install command is deprecated setup.py egg_info --egg-base ../../../build/htn_control build --build-base /home/zech/htn-2026/build/htn_control/build install --record /home/zech/htn-2026/build/htn_control/install.log --install-scripts $base/lib/htn_control --single-version-externally-managed install_data --force
[1.189s] Level 1:colcon.colcon_core.environment:checking '/home/zech/htn-2026/install/htn_control' for CMake module files
[1.190s] DEBUG:colcon.colcon_core.event_handler.log_command:Invoked command in '/home/zech/htn-2026/ros2_ws/src/htn_control' returned '0': CMAKE_PREFIX_PATH=/home/zech/htn-2026/install/htn_description:/home/zech/htn-2026/install/htn_launch:/home/zech/exia_ws/install/exia_bringup:/home/zech/exia_ws/install/exia_msgs:/home/zech/ros2_ws/install/eclipse_diffdrive:/home/zech/ros2_ws/install/eclipse_ackermann PYTHONPATH=/home/zech/htn-2026/build/htn_control/prefix_override:/usr/lib/python3/dist-packages/colcon_core/task/python/colcon_distutils_commands:/home/zech/htn-2026/install/htn_control/lib/python3.10/site-packages:${PYTHONPATH} /usr/bin/python3 -W ignore:setup.py install is deprecated -W ignore:easy_install command is deprecated setup.py egg_info --egg-base ../../../build/htn_control build --build-base /home/zech/htn-2026/build/htn_control/build install --record /home/zech/htn-2026/build/htn_control/install.log --install-scripts $base/lib/htn_control --single-version-externally-managed install_data --force
[1.190s] Level 1:colcon.colcon_core.environment:checking '/home/zech/htn-2026/install/htn_control' for CMake config files
[1.190s] Level 1:colcon.colcon_core.environment:checking '/home/zech/htn-2026/install/htn_control/lib'
[1.190s] Level 1:colcon.colcon_core.environment:checking '/home/zech/htn-2026/install/htn_control/bin'
[1.190s] Level 1:colcon.colcon_core.environment:checking '/home/zech/htn-2026/install/htn_control/lib/pkgconfig/htn_control.pc'
[1.190s] Level 1:colcon.colcon_core.environment:checking '/home/zech/htn-2026/install/htn_control/lib/python3.10/site-packages'
[1.190s] Level 1:colcon.colcon_core.shell:create_environment_hook('htn_control', 'pythonpath')
[1.191s] INFO:colcon.colcon_core.shell:Creating environment hook '/home/zech/htn-2026/install/htn_control/share/htn_control/hook/pythonpath.ps1'
[1.191s] INFO:colcon.colcon_core.shell:Creating environment descriptor '/home/zech/htn-2026/install/htn_control/share/htn_control/hook/pythonpath.dsv'
[1.191s] INFO:colcon.colcon_core.shell:Creating environment hook '/home/zech/htn-2026/install/htn_control/share/htn_control/hook/pythonpath.sh'
[1.191s] Level 1:colcon.colcon_core.environment:checking '/home/zech/htn-2026/install/htn_control/bin'
[1.191s] Level 1:colcon.colcon_core.environment:create_environment_scripts_only(htn_control)
[1.192s] INFO:colcon.colcon_core.shell:Creating package script '/home/zech/htn-2026/install/htn_control/share/htn_control/package.ps1'
[1.192s] INFO:colcon.colcon_core.shell:Creating package descriptor '/home/zech/htn-2026/install/htn_control/share/htn_control/package.dsv'
[1.192s] INFO:colcon.colcon_core.shell:Creating package script '/home/zech/htn-2026/install/htn_control/share/htn_control/package.sh'
[1.192s] INFO:colcon.colcon_core.shell:Creating package script '/home/zech/htn-2026/install/htn_control/share/htn_control/package.bash'
[1.192s] INFO:colcon.colcon_core.shell:Creating package script '/home/zech/htn-2026/install/htn_control/share/htn_control/package.zsh'
[1.192s] Level 1:colcon.colcon_core.environment:create_file_with_runtime_dependencies(/home/zech/htn-2026/install/htn_control/share/colcon-core/packages/htn_control)
[1.193s] INFO:colcon.colcon_ros.task.ament_cmake.build:Building ROS package in '/home/zech/htn-2026/ros2_ws/src/htn_launch' with build type 'ament_cmake'
[1.193s] INFO:colcon.colcon_cmake.task.cmake.build:Building CMake package in '/home/zech/htn-2026/ros2_ws/src/htn_launch'
[1.193s] INFO:colcon.colcon_core.shell:Skip shell extension 'powershell' for command environment: Not usable outside of PowerShell
[1.193s] DEBUG:colcon.colcon_core.shell:Skip shell extension 'dsv' for command environment
[1.201s] DEBUG:colcon.colcon_core.event_handler.log_command:Invoking command in '/home/zech/htn-2026/build/htn_launch': AMENT_PREFIX_PATH=/home/zech/htn-2026/install/htn_control:/home/zech/htn-2026/install/htn_auto:/home/zech/htn-2026/install/htn_launch:/home/zech/htn-2026/install/htn_description:/home/zech/exia_ws/install/exia_bringup:/home/zech/exia_ws/install/exia_driver:/home/zech/exia_ws/install/exia_control:/home/zech/exia_ws/install/exia_msgs:/home/zech/ros2_ws/install/eclipse_diffdrive:/home/zech/ros2_ws/install/eclipse_ackermann:/opt/ros/humble CMAKE_PREFIX_PATH=/home/zech/htn-2026/install/htn_description:/home/zech/htn-2026/install/htn_launch:/home/zech/exia_ws/install/exia_bringup:/home/zech/exia_ws/install/exia_msgs:/home/zech/ros2_ws/install/eclipse_diffdrive:/home/zech/ros2_ws/install/eclipse_ackermann:/home/zech/htn-2026/install/htn_control:/home/zech/htn-2026/install/htn_auto:/home/zech/exia_ws/install/exia_driver:/home/zech/exia_ws/install/exia_control:/opt/ros/humble PYTHONPATH=/home/zech/htn-2026/install/htn_control/lib/python3.10/site-packages:/home/zech/htn-2026/install/htn_auto/lib/python3.10/site-packages:/home/zech/htn-2026/build/htn_control:/home/zech/htn-2026/build/htn_auto:/home/zech/exia_ws/install/exia_driver/lib/python3.10/site-packages:/home/zech/exia_ws/install/exia_control/lib/python3.10/site-packages:/home/zech/exia_ws/install/exia_msgs/lib/python3.10/site-packages:/opt/ros/humble/lib/python3.10/site-packages:/opt/ros/humble/local/lib/python3.10/dist-packages /usr/bin/cmake /home/zech/htn-2026/ros2_ws/src/htn_launch -DCMAKE_INSTALL_PREFIX=/home/zech/htn-2026/install/htn_launch
[1.356s] DEBUG:colcon.colcon_core.event_handler.log_command:Invoked command in '/home/zech/htn-2026/build/htn_launch' returned '0': AMENT_PREFIX_PATH=/home/zech/htn-2026/install/htn_control:/home/zech/htn-2026/install/htn_auto:/home/zech/htn-2026/install/htn_launch:/home/zech/htn-2026/install/htn_description:/home/zech/exia_ws/install/exia_bringup:/home/zech/exia_ws/install/exia_driver:/home/zech/exia_ws/install/exia_control:/home/zech/exia_ws/install/exia_msgs:/home/zech/ros2_ws/install/eclipse_diffdrive:/home/zech/ros2_ws/install/eclipse_ackermann:/opt/ros/humble CMAKE_PREFIX_PATH=/home/zech/htn-2026/install/htn_description:/home/zech/htn-2026/install/htn_launch:/home/zech/exia_ws/install/exia_bringup:/home/zech/exia_ws/install/exia_msgs:/home/zech/ros2_ws/install/eclipse_diffdrive:/home/zech/ros2_ws/install/eclipse_ackermann:/home/zech/htn-2026/install/htn_control:/home/zech/htn-2026/install/htn_auto:/home/zech/exia_ws/install/exia_driver:/home/zech/exia_ws/install/exia_control:/opt/ros/humble PYTHONPATH=/home/zech/htn-2026/install/htn_control/lib/python3.10/site-packages:/home/zech/htn-2026/install/htn_auto/lib/python3.10/site-packages:/home/zech/htn-2026/build/htn_control:/home/zech/htn-2026/build/htn_auto:/home/zech/exia_ws/install/exia_driver/lib/python3.10/site-packages:/home/zech/exia_ws/install/exia_control/lib/python3.10/site-packages:/home/zech/exia_ws/install/exia_msgs/lib/python3.10/site-packages:/opt/ros/humble/lib/python3.10/site-packages:/opt/ros/humble/local/lib/python3.10/dist-packages /usr/bin/cmake /home/zech/htn-2026/ros2_ws/src/htn_launch -DCMAKE_INSTALL_PREFIX=/home/zech/htn-2026/install/htn_launch
[1.356s] DEBUG:colcon.colcon_core.event_handler.log_command:Invoking command in '/home/zech/htn-2026/build/htn_launch': AMENT_PREFIX_PATH=/home/zech/htn-2026/install/htn_control:/home/zech/htn-2026/install/htn_auto:/home/zech/htn-2026/install/htn_launch:/home/zech/htn-2026/install/htn_description:/home/zech/exia_ws/install/exia_bringup:/home/zech/exia_ws/install/exia_driver:/home/zech/exia_ws/install/exia_control:/home/zech/exia_ws/install/exia_msgs:/home/zech/ros2_ws/install/eclipse_diffdrive:/home/zech/ros2_ws/install/eclipse_ackermann:/opt/ros/humble CMAKE_PREFIX_PATH=/home/zech/htn-2026/install/htn_description:/home/zech/htn-2026/install/htn_launch:/home/zech/exia_ws/install/exia_bringup:/home/zech/exia_ws/install/exia_msgs:/home/zech/ros2_ws/install/eclipse_diffdrive:/home/zech/ros2_ws/install/eclipse_ackermann:/home/zech/htn-2026/install/htn_control:/home/zech/htn-2026/install/htn_auto:/home/zech/exia_ws/install/exia_driver:/home/zech/exia_ws/install/exia_control:/opt/ros/humble PYTHONPATH=/home/zech/htn-2026/install/htn_control/lib/python3.10/site-packages:/home/zech/htn-2026/install/htn_auto/lib/python3.10/site-packages:/home/zech/htn-2026/build/htn_control:/home/zech/htn-2026/build/htn_auto:/home/zech/exia_ws/install/exia_driver/lib/python3.10/site-packages:/home/zech/exia_ws/install/exia_control/lib/python3.10/site-packages:/home/zech/exia_ws/install/exia_msgs/lib/python3.10/site-packages:/opt/ros/humble/lib/python3.10/site-packages:/opt/ros/humble/local/lib/python3.10/dist-packages /usr/bin/cmake --build /home/zech/htn-2026/build/htn_launch -- -j20 -l20
[1.397s] DEBUG:colcon.colcon_core.event_handler.log_command:Invoked command in '/home/zech/htn-2026/build/htn_launch' returned '0': AMENT_PREFIX_PATH=/home/zech/htn-2026/install/htn_control:/home/zech/htn-2026/install/htn_auto:/home/zech/htn-2026/install/htn_launch:/home/zech/htn-2026/install/htn_description:/home/zech/exia_ws/install/exia_bringup:/home/zech/exia_ws/install/exia_driver:/home/zech/exia_ws/install/exia_control:/home/zech/exia_ws/install/exia_msgs:/home/zech/ros2_ws/install/eclipse_diffdrive:/home/zech/ros2_ws/install/eclipse_ackermann:/opt/ros/humble CMAKE_PREFIX_PATH=/home/zech/htn-2026/install/htn_description:/home/zech/htn-2026/install/htn_launch:/home/zech/exia_ws/install/exia_bringup:/home/zech/exia_ws/install/exia_msgs:/home/zech/ros2_ws/install/eclipse_diffdrive:/home/zech/ros2_ws/install/eclipse_ackermann:/home/zech/htn-2026/install/htn_control:/home/zech/htn-2026/install/htn_auto:/home/zech/exia_ws/install/exia_driver:/home/zech/exia_ws/install/exia_control:/opt/ros/humble PYTHONPATH=/home/zech/htn-2026/install/htn_control/lib/python3.10/site-packages:/home/zech/htn-2026/install/htn_auto/lib/python3.10/site-packages:/home/zech/htn-2026/build/htn_control:/home/zech/htn-2026/build/htn_auto:/home/zech/exia_ws/install/exia_driver/lib/python3.10/site-packages:/home/zech/exia_ws/install/exia_control/lib/python3.10/site-packages:/home/zech/exia_ws/install/exia_msgs/lib/python3.10/site-packages:/opt/ros/humble/lib/python3.10/site-packages:/opt/ros/humble/local/lib/python3.10/dist-packages /usr/bin/cmake --build /home/zech/htn-2026/build/htn_launch -- -j20 -l20
[1.400s] DEBUG:colcon.colcon_core.event_handler.log_command:Invoking command in '/home/zech/htn-2026/build/htn_launch': AMENT_PREFIX_PATH=/home/zech/htn-2026/install/htn_control:/home/zech/htn-2026/install/htn_auto:/home/zech/htn-2026/install/htn_launch:/home/zech/htn-2026/install/htn_description:/home/zech/exia_ws/install/exia_bringup:/home/zech/exia_ws/install/exia_driver:/home/zech/exia_ws/install/exia_control:/home/zech/exia_ws/install/exia_msgs:/home/zech/ros2_ws/install/eclipse_diffdrive:/home/zech/ros2_ws/install/eclipse_ackermann:/opt/ros/humble CMAKE_PREFIX_PATH=/home/zech/htn-2026/install/htn_description:/home/zech/htn-2026/install/htn_launch:/home/zech/exia_ws/install/exia_bringup:/home/zech/exia_ws/install/exia_msgs:/home/zech/ros2_ws/install/eclipse_diffdrive:/home/zech/ros2_ws/install/eclipse_ackermann:/home/zech/htn-2026/install/htn_control:/home/zech/htn-2026/install/htn_auto:/home/zech/exia_ws/install/exia_driver:/home/zech/exia_ws/install/exia_control:/opt/ros/humble PYTHONPATH=/home/zech/htn-2026/install/htn_control/lib/python3.10/site-packages:/home/zech/htn-2026/install/htn_auto/lib/python3.10/site-packages:/home/zech/htn-2026/build/htn_control:/home/zech/htn-2026/build/htn_auto:/home/zech/exia_ws/install/exia_driver/lib/python3.10/site-packages:/home/zech/exia_ws/install/exia_control/lib/python3.10/site-packages:/home/zech/exia_ws/install/exia_msgs/lib/python3.10/site-packages:/opt/ros/humble/lib/python3.10/site-packages:/opt/ros/humble/local/lib/python3.10/dist-packages /usr/bin/cmake --install /home/zech/htn-2026/build/htn_launch
[1.424s] Level 1:colcon.colcon_core.environment:create_environment_scripts_only(htn_launch)
[1.425s] DEBUG:colcon.colcon_core.event_handler.log_command:Invoked command in '/home/zech/htn-2026/build/htn_launch' returned '0': AMENT_PREFIX_PATH=/home/zech/htn-2026/install/htn_control:/home/zech/htn-2026/install/htn_auto:/home/zech/htn-2026/install/htn_launch:/home/zech/htn-2026/install/htn_description:/home/zech/exia_ws/install/exia_bringup:/home/zech/exia_ws/install/exia_driver:/home/zech/exia_ws/install/exia_control:/home/zech/exia_ws/install/exia_msgs:/home/zech/ros2_ws/install/eclipse_diffdrive:/home/zech/ros2_ws/install/eclipse_ackermann:/opt/ros/humble CMAKE_PREFIX_PATH=/home/zech/htn-2026/install/htn_description:/home/zech/htn-2026/install/htn_launch:/home/zech/exia_ws/install/exia_bringup:/home/zech/exia_ws/install/exia_msgs:/home/zech/ros2_ws/install/eclipse_diffdrive:/home/zech/ros2_ws/install/eclipse_ackermann:/home/zech/htn-2026/install/htn_control:/home/zech/htn-2026/install/htn_auto:/home/zech/exia_ws/install/exia_driver:/home/zech/exia_ws/install/exia_control:/opt/ros/humble PYTHONPATH=/home/zech/htn-2026/install/htn_control/lib/python3.10/site-packages:/home/zech/htn-2026/install/htn_auto/lib/python3.10/site-packages:/home/zech/htn-2026/build/htn_control:/home/zech/htn-2026/build/htn_auto:/home/zech/exia_ws/install/exia_driver/lib/python3.10/site-packages:/home/zech/exia_ws/install/exia_control/lib/python3.10/site-packages:/home/zech/exia_ws/install/exia_msgs/lib/python3.10/site-packages:/opt/ros/humble/lib/python3.10/site-packages:/opt/ros/humble/local/lib/python3.10/dist-packages /usr/bin/cmake --install /home/zech/htn-2026/build/htn_launch
[1.425s] Level 1:colcon.colcon_core.environment:checking '/home/zech/htn-2026/install/htn_launch' for CMake module files
[1.426s] Level 1:colcon.colcon_core.environment:checking '/home/zech/htn-2026/install/htn_launch' for CMake config files
[1.427s] Level 1:colcon.colcon_core.shell:create_environment_hook('htn_launch', 'cmake_prefix_path')
[1.427s] INFO:colcon.colcon_core.shell:Creating environment hook '/home/zech/htn-2026/install/htn_launch/share/htn_launch/hook/cmake_prefix_path.ps1'
[1.428s] INFO:colcon.colcon_core.shell:Creating environment descriptor '/home/zech/htn-2026/install/htn_launch/share/htn_launch/hook/cmake_prefix_path.dsv'
[1.429s] INFO:colcon.colcon_core.shell:Creating environment hook '/home/zech/htn-2026/install/htn_launch/share/htn_launch/hook/cmake_prefix_path.sh'
[1.430s] Level 1:colcon.colcon_core.environment:checking '/home/zech/htn-2026/install/htn_launch/bin'
[1.430s] Level 1:colcon.colcon_core.environment:checking '/home/zech/htn-2026/install/htn_launch/lib/pkgconfig/htn_launch.pc'
[1.431s] Level 1:colcon.colcon_core.environment:checking '/home/zech/htn-2026/install/htn_launch/lib/python3.10/site-packages'
[1.431s] Level 1:colcon.colcon_core.environment:checking '/home/zech/htn-2026/install/htn_launch/bin'
[1.432s] INFO:colcon.colcon_core.shell:Creating package script '/home/zech/htn-2026/install/htn_launch/share/htn_launch/package.ps1'
[1.433s] INFO:colcon.colcon_core.shell:Creating package descriptor '/home/zech/htn-2026/install/htn_launch/share/htn_launch/package.dsv'
[1.433s] INFO:colcon.colcon_core.shell:Creating package script '/home/zech/htn-2026/install/htn_launch/share/htn_launch/package.sh'
[1.434s] INFO:colcon.colcon_core.shell:Creating package script '/home/zech/htn-2026/install/htn_launch/share/htn_launch/package.bash'
[1.435s] INFO:colcon.colcon_core.shell:Creating package script '/home/zech/htn-2026/install/htn_launch/share/htn_launch/package.zsh'
[1.435s] Level 1:colcon.colcon_core.environment:create_file_with_runtime_dependencies(/home/zech/htn-2026/install/htn_launch/share/colcon-core/packages/htn_launch)
[1.436s] Level 1:colcon.colcon_core.environment:create_environment_scripts_only(htn_launch)
[1.437s] Level 1:colcon.colcon_core.environment:checking '/home/zech/htn-2026/install/htn_launch' for CMake module files
[1.437s] Level 1:colcon.colcon_core.environment:checking '/home/zech/htn-2026/install/htn_launch' for CMake config files
[1.437s] Level 1:colcon.colcon_core.shell:create_environment_hook('htn_launch', 'cmake_prefix_path')
[1.437s] INFO:colcon.colcon_core.shell:Creating environment hook '/home/zech/htn-2026/install/htn_launch/share/htn_launch/hook/cmake_prefix_path.ps1'
[1.438s] INFO:colcon.colcon_core.shell:Creating environment descriptor '/home/zech/htn-2026/install/htn_launch/share/htn_launch/hook/cmake_prefix_path.dsv'
[1.438s] INFO:colcon.colcon_core.shell:Creating environment hook '/home/zech/htn-2026/install/htn_launch/share/htn_launch/hook/cmake_prefix_path.sh'
[1.439s] Level 1:colcon.colcon_core.environment:checking '/home/zech/htn-2026/install/htn_launch/bin'
[1.439s] Level 1:colcon.colcon_core.environment:checking '/home/zech/htn-2026/install/htn_launch/lib/pkgconfig/htn_launch.pc'
[1.439s] Level 1:colcon.colcon_core.environment:checking '/home/zech/htn-2026/install/htn_launch/lib/python3.10/site-packages'
[1.439s] Level 1:colcon.colcon_core.environment:checking '/home/zech/htn-2026/install/htn_launch/bin'
[1.440s] INFO:colcon.colcon_core.shell:Creating package script '/home/zech/htn-2026/install/htn_launch/share/htn_launch/package.ps1'
[1.441s] INFO:colcon.colcon_core.shell:Creating package descriptor '/home/zech/htn-2026/install/htn_launch/share/htn_launch/package.dsv'
[1.441s] INFO:colcon.colcon_core.shell:Creating package script '/home/zech/htn-2026/install/htn_launch/share/htn_launch/package.sh'
[1.441s] INFO:colcon.colcon_core.shell:Creating package script '/home/zech/htn-2026/install/htn_launch/share/htn_launch/package.bash'
[1.442s] INFO:colcon.colcon_core.shell:Creating package script '/home/zech/htn-2026/install/htn_launch/share/htn_launch/package.zsh'
[1.442s] Level 1:colcon.colcon_core.environment:create_file_with_runtime_dependencies(/home/zech/htn-2026/install/htn_launch/share/colcon-core/packages/htn_launch)
[1.443s] DEBUG:colcon.colcon_parallel_executor.executor.parallel:closing loop
[1.443s] DEBUG:colcon.colcon_parallel_executor.executor.parallel:loop closed
[1.443s] DEBUG:colcon.colcon_parallel_executor.executor.parallel:run_until_complete finished with '0'
[1.443s] DEBUG:colcon.colcon_core.event_reactor:joining thread
[1.448s] INFO:colcon.colcon_core.plugin_system:Skipping extension 'colcon_notification.desktop_notification.terminal_notifier': Not used on non-Darwin systems
[1.448s] INFO:colcon.colcon_core.plugin_system:Skipping extension 'colcon_notification.desktop_notification.win32': Not used on non-Windows systems
[1.448s] INFO:colcon.colcon_notification.desktop_notification:Sending desktop notification using 'notify2'
[1.462s] DEBUG:colcon.colcon_core.event_reactor:joined thread
[1.463s] INFO:colcon.colcon_core.shell:Creating prefix script '/home/zech/htn-2026/install/local_setup.ps1'
[1.464s] INFO:colcon.colcon_core.shell:Creating prefix util module '/home/zech/htn-2026/install/_local_setup_util_ps1.py'
[1.465s] INFO:colcon.colcon_core.shell:Creating prefix chain script '/home/zech/htn-2026/install/setup.ps1'
[1.466s] INFO:colcon.colcon_core.shell:Creating prefix script '/home/zech/htn-2026/install/local_setup.sh'
[1.467s] INFO:colcon.colcon_core.shell:Creating prefix util module '/home/zech/htn-2026/install/_local_setup_util_sh.py'
[1.467s] INFO:colcon.colcon_core.shell:Creating prefix chain script '/home/zech/htn-2026/install/setup.sh'
[1.469s] INFO:colcon.colcon_core.shell:Creating prefix script '/home/zech/htn-2026/install/local_setup.bash'
[1.469s] INFO:colcon.colcon_core.shell:Creating prefix chain script '/home/zech/htn-2026/install/setup.bash'
[1.470s] INFO:colcon.colcon_core.shell:Creating prefix script '/home/zech/htn-2026/install/local_setup.zsh'
[1.471s] INFO:colcon.colcon_core.shell:Creating prefix chain script '/home/zech/htn-2026/install/setup.zsh'
