[0.361s] Invoking command in '/home/zech/htn-2026/build/htn_auto': PYTHONPATH=/home/zech/htn-2026/build/htn_auto/prefix_override:/usr/lib/python3/dist-packages/colcon_core/task/python/colcon_distutils_commands:/home/zech/htn-2026/install/htn_auto/lib/python3.10/site-packages:${PYTHONPATH} /usr/bin/python3 -W ignore:setup.py install is deprecated -W ignore:easy_install command is deprecated setup.py develop --uninstall --editable --build-directory /home/zech/htn-2026/build/htn_auto/build
[0.498s] running develop
[0.583s] Removing /home/zech/htn-2026/install/htn_auto/lib/python3.10/site-packages/htn-auto.egg-link (link to .)
[0.597s] Invoked command in '/home/zech/htn-2026/build/htn_auto' returned '0': PYTHONPATH=/home/zech/htn-2026/build/htn_auto/prefix_override:/usr/lib/python3/dist-packages/colcon_core/task/python/colcon_distutils_commands:/home/zech/htn-2026/install/htn_auto/lib/python3.10/site-packages:${PYTHONPATH} /usr/bin/python3 -W ignore:setup.py install is deprecated -W ignore:easy_install command is deprecated setup.py develop --uninstall --editable --build-directory /home/zech/htn-2026/build/htn_auto/build
[0.599s] Invoking command in '/home/zech/htn-2026/ros2_ws/src/htn_auto': PYTHONPATH=/home/zech/htn-2026/build/htn_auto/prefix_override:/usr/lib/python3/dist-packages/colcon_core/task/python/colcon_distutils_commands:/home/zech/htn-2026/install/htn_auto/lib/python3.10/site-packages:${PYTHONPATH} /usr/bin/python3 -W ignore:setup.py install is deprecated -W ignore:easy_install command is deprecated setup.py egg_info --egg-base ../../../build/htn_auto build --build-base /home/zech/htn-2026/build/htn_auto/build install --record /home/zech/htn-2026/build/htn_auto/install.log --install-scripts $base/lib/htn_auto --single-version-externally-managed install_data --force
[0.730s] running egg_info
[0.731s] writing ../../../build/htn_auto/htn_auto.egg-info/PKG-INFO
[0.731s] writing dependency_links to ../../../build/htn_auto/htn_auto.egg-info/dependency_links.txt
[0.731s] writing entry points to ../../../build/htn_auto/htn_auto.egg-info/entry_points.txt
[0.731s] writing requirements to ../../../build/htn_auto/htn_auto.egg-info/requires.txt
[0.731s] writing top-level names to ../../../build/htn_auto/htn_auto.egg-info/top_level.txt
[0.732s] reading manifest file '../../../build/htn_auto/htn_auto.egg-info/SOURCES.txt'
[0.732s] writing manifest file '../../../build/htn_auto/htn_auto.egg-info/SOURCES.txt'
[0.732s] running build
[0.732s] running build_py
[0.732s] creating /home/zech/htn-2026/build/htn_auto/build
[0.732s] creating /home/zech/htn-2026/build/htn_auto/build/lib
[0.733s] creating /home/zech/htn-2026/build/htn_auto/build/lib/htn_auto
[0.733s] copying htn_auto/auto.py -> /home/zech/htn-2026/build/htn_auto/build/lib/htn_auto
[0.733s] copying htn_auto/__init__.py -> /home/zech/htn-2026/build/htn_auto/build/lib/htn_auto
[0.733s] running install
[0.733s] running install_lib
[0.733s] creating /home/zech/htn-2026/install/htn_auto/lib/python3.10/site-packages/htn_auto
[0.733s] copying /home/zech/htn-2026/build/htn_auto/build/lib/htn_auto/auto.py -> /home/zech/htn-2026/install/htn_auto/lib/python3.10/site-packages/htn_auto
[0.733s] copying /home/zech/htn-2026/build/htn_auto/build/lib/htn_auto/__init__.py -> /home/zech/htn-2026/install/htn_auto/lib/python3.10/site-packages/htn_auto
[0.733s] byte-compiling /home/zech/htn-2026/install/htn_auto/lib/python3.10/site-packages/htn_auto/auto.py to auto.cpython-310.pyc
[0.733s] byte-compiling /home/zech/htn-2026/install/htn_auto/lib/python3.10/site-packages/htn_auto/__init__.py to __init__.cpython-310.pyc
[0.733s] running install_data
[0.734s] copying resource/htn_auto -> /home/zech/htn-2026/install/htn_auto/share/ament_index/resource_index/packages
[0.734s] copying package.xml -> /home/zech/htn-2026/install/htn_auto/share/htn_auto
[0.734s] running install_egg_info
[0.735s] Copying ../../../build/htn_auto/htn_auto.egg-info to /home/zech/htn-2026/install/htn_auto/lib/python3.10/site-packages/htn_auto-0.0.1-py3.10.egg-info
[0.735s] running install_scripts
[0.747s] Installing auto script to /home/zech/htn-2026/install/htn_auto/lib/htn_auto
[0.747s] writing list of installed files to '/home/zech/htn-2026/build/htn_auto/install.log'
[0.760s] Invoked command in '/home/zech/htn-2026/ros2_ws/src/htn_auto' returned '0': PYTHONPATH=/home/zech/htn-2026/build/htn_auto/prefix_override:/usr/lib/python3/dist-packages/colcon_core/task/python/colcon_distutils_commands:/home/zech/htn-2026/install/htn_auto/lib/python3.10/site-packages:${PYTHONPATH} /usr/bin/python3 -W ignore:setup.py install is deprecated -W ignore:easy_install command is deprecated setup.py egg_info --egg-base ../../../build/htn_auto build --build-base /home/zech/htn-2026/build/htn_auto/build install --record /home/zech/htn-2026/build/htn_auto/install.log --install-scripts $base/lib/htn_auto --single-version-externally-managed install_data --force
