[0.365s] Invoking command in '/home/zech/htn-2026/build/htn_control': CMAKE_PREFIX_PATH=/home/zech/htn-2026/install/htn_description:/home/zech/htn-2026/install/htn_launch:/home/zech/exia_ws/install/exia_bringup:/home/zech/exia_ws/install/exia_msgs:/home/zech/ros2_ws/install/eclipse_diffdrive:/home/zech/ros2_ws/install/eclipse_ackermann PYTHONPATH=/home/zech/htn-2026/build/htn_control/prefix_override:/usr/lib/python3/dist-packages/colcon_core/task/python/colcon_distutils_commands:/home/zech/htn-2026/install/htn_control/lib/python3.10/site-packages:${PYTHONPATH} /usr/bin/python3 -W ignore:setup.py install is deprecated -W ignore:easy_install command is deprecated setup.py develop --uninstall --editable --build-directory /home/zech/htn-2026/build/htn_control/build
[0.502s] running develop
[0.589s] Removing /home/zech/htn-2026/install/htn_control/lib/python3.10/site-packages/htn-control.egg-link (link to .)
[0.604s] Invoked command in '/home/zech/htn-2026/build/htn_control' returned '0': CMAKE_PREFIX_PATH=/home/zech/htn-2026/install/htn_description:/home/zech/htn-2026/install/htn_launch:/home/zech/exia_ws/install/exia_bringup:/home/zech/exia_ws/install/exia_msgs:/home/zech/ros2_ws/install/eclipse_diffdrive:/home/zech/ros2_ws/install/eclipse_ackermann PYTHONPATH=/home/zech/htn-2026/build/htn_control/prefix_override:/usr/lib/python3/dist-packages/colcon_core/task/python/colcon_distutils_commands:/home/zech/htn-2026/install/htn_control/lib/python3.10/site-packages:${PYTHONPATH} /usr/bin/python3 -W ignore:setup.py install is deprecated -W ignore:easy_install command is deprecated setup.py develop --uninstall --editable --build-directory /home/zech/htn-2026/build/htn_control/build
[0.606s] Invoking command in '/home/zech/htn-2026/ros2_ws/src/htn_control': CMAKE_PREFIX_PATH=/home/zech/htn-2026/install/htn_description:/home/zech/htn-2026/install/htn_launch:/home/zech/exia_ws/install/exia_bringup:/home/zech/exia_ws/install/exia_msgs:/home/zech/ros2_ws/install/eclipse_diffdrive:/home/zech/ros2_ws/install/eclipse_ackermann PYTHONPATH=/home/zech/htn-2026/build/htn_control/prefix_override:/usr/lib/python3/dist-packages/colcon_core/task/python/colcon_distutils_commands:/home/zech/htn-2026/install/htn_control/lib/python3.10/site-packages:${PYTHONPATH} /usr/bin/python3 -W ignore:setup.py install is deprecated -W ignore:easy_install command is deprecated setup.py egg_info --egg-base ../../../build/htn_control build --build-base /home/zech/htn-2026/build/htn_control/build install --record /home/zech/htn-2026/build/htn_control/install.log --install-scripts $base/lib/htn_control --single-version-externally-managed install_data --force
[0.729s] running egg_info
[0.730s] writing ../../../build/htn_control/htn_control.egg-info/PKG-INFO
[0.730s] writing dependency_links to ../../../build/htn_control/htn_control.egg-info/dependency_links.txt
[0.730s] writing entry points to ../../../build/htn_control/htn_control.egg-info/entry_points.txt
[0.730s] writing requirements to ../../../build/htn_control/htn_control.egg-info/requires.txt
[0.730s] writing top-level names to ../../../build/htn_control/htn_control.egg-info/top_level.txt
[0.731s] reading manifest file '../../../build/htn_control/htn_control.egg-info/SOURCES.txt'
[0.731s] writing manifest file '../../../build/htn_control/htn_control.egg-info/SOURCES.txt'
[0.731s] running build
[0.731s] running build_py
[0.732s] creating /home/zech/htn-2026/build/htn_control/build
[0.732s] creating /home/zech/htn-2026/build/htn_control/build/lib
[0.732s] creating /home/zech/htn-2026/build/htn_control/build/lib/htn_control
[0.732s] copying htn_control/teleop.py -> /home/zech/htn-2026/build/htn_control/build/lib/htn_control
[0.732s] copying htn_control/teleop_gui.py -> /home/zech/htn-2026/build/htn_control/build/lib/htn_control
[0.732s] copying htn_control/__init__.py -> /home/zech/htn-2026/build/htn_control/build/lib/htn_control
[0.732s] copying htn_control/hand_config.py -> /home/zech/htn-2026/build/htn_control/build/lib/htn_control
[0.732s] copying htn_control/hal_node.py -> /home/zech/htn-2026/build/htn_control/build/lib/htn_control
[0.732s] creating /home/zech/htn-2026/build/htn_control/build/lib/htn_control/hal
[0.732s] copying htn_control/hal/serial_backend.py -> /home/zech/htn-2026/build/htn_control/build/lib/htn_control/hal
[0.732s] copying htn_control/hal/__init__.py -> /home/zech/htn-2026/build/htn_control/build/lib/htn_control/hal
[0.732s] copying htn_control/hal/base.py -> /home/zech/htn-2026/build/htn_control/build/lib/htn_control/hal
[0.732s] copying htn_control/hal/sim_backend.py -> /home/zech/htn-2026/build/htn_control/build/lib/htn_control/hal
[0.732s] running install
[0.733s] running install_lib
[0.733s] creating /home/zech/htn-2026/install/htn_control/lib/python3.10/site-packages/htn_control
[0.733s] copying /home/zech/htn-2026/build/htn_control/build/lib/htn_control/teleop.py -> /home/zech/htn-2026/install/htn_control/lib/python3.10/site-packages/htn_control
[0.733s] creating /home/zech/htn-2026/install/htn_control/lib/python3.10/site-packages/htn_control/hal
[0.733s] copying /home/zech/htn-2026/build/htn_control/build/lib/htn_control/hal/serial_backend.py -> /home/zech/htn-2026/install/htn_control/lib/python3.10/site-packages/htn_control/hal
[0.733s] copying /home/zech/htn-2026/build/htn_control/build/lib/htn_control/hal/__init__.py -> /home/zech/htn-2026/install/htn_control/lib/python3.10/site-packages/htn_control/hal
[0.733s] copying /home/zech/htn-2026/build/htn_control/build/lib/htn_control/hal/base.py -> /home/zech/htn-2026/install/htn_control/lib/python3.10/site-packages/htn_control/hal
[0.733s] copying /home/zech/htn-2026/build/htn_control/build/lib/htn_control/hal/sim_backend.py -> /home/zech/htn-2026/install/htn_control/lib/python3.10/site-packages/htn_control/hal
[0.733s] copying /home/zech/htn-2026/build/htn_control/build/lib/htn_control/teleop_gui.py -> /home/zech/htn-2026/install/htn_control/lib/python3.10/site-packages/htn_control
[0.733s] copying /home/zech/htn-2026/build/htn_control/build/lib/htn_control/__init__.py -> /home/zech/htn-2026/install/htn_control/lib/python3.10/site-packages/htn_control
[0.733s] copying /home/zech/htn-2026/build/htn_control/build/lib/htn_control/hand_config.py -> /home/zech/htn-2026/install/htn_control/lib/python3.10/site-packages/htn_control
[0.733s] copying /home/zech/htn-2026/build/htn_control/build/lib/htn_control/hal_node.py -> /home/zech/htn-2026/install/htn_control/lib/python3.10/site-packages/htn_control
[0.733s] byte-compiling /home/zech/htn-2026/install/htn_control/lib/python3.10/site-packages/htn_control/teleop.py to teleop.cpython-310.pyc
[0.733s] byte-compiling /home/zech/htn-2026/install/htn_control/lib/python3.10/site-packages/htn_control/hal/serial_backend.py to serial_backend.cpython-310.pyc
[0.733s] byte-compiling /home/zech/htn-2026/install/htn_control/lib/python3.10/site-packages/htn_control/hal/__init__.py to __init__.cpython-310.pyc
[0.734s] byte-compiling /home/zech/htn-2026/install/htn_control/lib/python3.10/site-packages/htn_control/hal/base.py to base.cpython-310.pyc
[0.734s] byte-compiling /home/zech/htn-2026/install/htn_control/lib/python3.10/site-packages/htn_control/hal/sim_backend.py to sim_backend.cpython-310.pyc
[0.734s] byte-compiling /home/zech/htn-2026/install/htn_control/lib/python3.10/site-packages/htn_control/teleop_gui.py to teleop_gui.cpython-310.pyc
[0.735s] byte-compiling /home/zech/htn-2026/install/htn_control/lib/python3.10/site-packages/htn_control/__init__.py to __init__.cpython-310.pyc
[0.735s] byte-compiling /home/zech/htn-2026/install/htn_control/lib/python3.10/site-packages/htn_control/hand_config.py to hand_config.cpython-310.pyc
[0.735s] byte-compiling /home/zech/htn-2026/install/htn_control/lib/python3.10/site-packages/htn_control/hal_node.py to hal_node.cpython-310.pyc
[0.735s] running install_data
[0.735s] copying resource/htn_control -> /home/zech/htn-2026/install/htn_control/share/ament_index/resource_index/packages
[0.735s] copying package.xml -> /home/zech/htn-2026/install/htn_control/share/htn_control
[0.735s] running install_egg_info
[0.736s] Copying ../../../build/htn_control/htn_control.egg-info to /home/zech/htn-2026/install/htn_control/lib/python3.10/site-packages/htn_control-0.0.1-py3.10.egg-info
[0.737s] running install_scripts
[0.748s] Installing hal script to /home/zech/htn-2026/install/htn_control/lib/htn_control
[0.748s] Installing teleop script to /home/zech/htn-2026/install/htn_control/lib/htn_control
[0.748s] Installing teleop_gui script to /home/zech/htn-2026/install/htn_control/lib/htn_control
[0.748s] writing list of installed files to '/home/zech/htn-2026/build/htn_control/install.log'
[0.760s] Invoked command in '/home/zech/htn-2026/ros2_ws/src/htn_control' returned '0': CMAKE_PREFIX_PATH=/home/zech/htn-2026/install/htn_description:/home/zech/htn-2026/install/htn_launch:/home/zech/exia_ws/install/exia_bringup:/home/zech/exia_ws/install/exia_msgs:/home/zech/ros2_ws/install/eclipse_diffdrive:/home/zech/ros2_ws/install/eclipse_ackermann PYTHONPATH=/home/zech/htn-2026/build/htn_control/prefix_override:/usr/lib/python3/dist-packages/colcon_core/task/python/colcon_distutils_commands:/home/zech/htn-2026/install/htn_control/lib/python3.10/site-packages:${PYTHONPATH} /usr/bin/python3 -W ignore:setup.py install is deprecated -W ignore:easy_install command is deprecated setup.py egg_info --egg-base ../../../build/htn_control build --build-base /home/zech/htn-2026/build/htn_control/build install --record /home/zech/htn-2026/build/htn_control/install.log --install-scripts $base/lib/htn_control --single-version-externally-managed install_data --force
