/home/zech/htn-2026/install/htn_control/lib/python3.10/site-packages/htn_control/teleop.py
/home/zech/htn-2026/install/htn_control/lib/python3.10/site-packages/htn_control/teleop_gui.py
/home/zech/htn-2026/install/htn_control/lib/python3.10/site-packages/htn_control/__init__.py
/home/zech/htn-2026/install/htn_control/lib/python3.10/site-packages/htn_control/hand_config.py
/home/zech/htn-2026/install/htn_control/lib/python3.10/site-packages/htn_control/hal_node.py
/home/zech/htn-2026/install/htn_control/lib/python3.10/site-packages/htn_control/hal/serial_backend.py
/home/zech/htn-2026/install/htn_control/lib/python3.10/site-packages/htn_control/hal/__init__.py
/home/zech/htn-2026/install/htn_control/lib/python3.10/site-packages/htn_control/hal/base.py
/home/zech/htn-2026/install/htn_control/lib/python3.10/site-packages/htn_control/hal/sim_backend.py
/home/zech/htn-2026/install/htn_control/lib/python3.10/site-packages/htn_control/__pycache__/teleop.cpython-310.pyc
/home/zech/htn-2026/install/htn_control/lib/python3.10/site-packages/htn_control/__pycache__/teleop_gui.cpython-310.pyc
/home/zech/htn-2026/install/htn_control/lib/python3.10/site-packages/htn_control/__pycache__/__init__.cpython-310.pyc
/home/zech/htn-2026/install/htn_control/lib/python3.10/site-packages/htn_control/__pycache__/hand_config.cpython-310.pyc
/home/zech/htn-2026/install/htn_control/lib/python3.10/site-packages/htn_control/__pycache__/hal_node.cpython-310.pyc
/home/zech/htn-2026/install/htn_control/lib/python3.10/site-packages/htn_control/hal/__pycache__/serial_backend.cpython-310.pyc
/home/zech/htn-2026/install/htn_control/lib/python3.10/site-packages/htn_control/hal/__pycache__/__init__.cpython-310.pyc
/home/zech/htn-2026/install/htn_control/lib/python3.10/site-packages/htn_control/hal/__pycache__/base.cpython-310.pyc
/home/zech/htn-2026/install/htn_control/lib/python3.10/site-packages/htn_control/hal/__pycache__/sim_backend.cpython-310.pyc
/home/zech/htn-2026/install/htn_control/share/ament_index/resource_index/packages/htn_control
/home/zech/htn-2026/install/htn_control/share/htn_control/package.xml
/home/zech/htn-2026/install/htn_control/lib/python3.10/site-packages/htn_control-0.0.1-py3.10.egg-info/SOURCES.txt
/home/zech/htn-2026/install/htn_control/lib/python3.10/site-packages/htn_control-0.0.1-py3.10.egg-info/entry_points.txt
/home/zech/htn-2026/install/htn_control/lib/python3.10/site-packages/htn_control-0.0.1-py3.10.egg-info/zip-safe
/home/zech/htn-2026/install/htn_control/lib/python3.10/site-packages/htn_control-0.0.1-py3.10.egg-info/dependency_links.txt
/home/zech/htn-2026/install/htn_control/lib/python3.10/site-packages/htn_control-0.0.1-py3.10.egg-info/PKG-INFO
/home/zech/htn-2026/install/htn_control/lib/python3.10/site-packages/htn_control-0.0.1-py3.10.egg-info/requires.txt
/home/zech/htn-2026/install/htn_control/lib/python3.10/site-packages/htn_control-0.0.1-py3.10.egg-info/top_level.txt
/home/zech/htn-2026/install/htn_control/lib/htn_control/hal
/home/zech/htn-2026/install/htn_control/lib/htn_control/teleop
/home/zech/htn-2026/install/htn_control/lib/htn_control/teleop_gui
