running develop
running egg_info
creating htn_auto.egg-info
writing htn_auto.egg-info/PKG-INFO
writing dependency_links to htn_auto.egg-info/dependency_links.txt
writing entry points to htn_auto.egg-info/entry_points.txt
writing requirements to htn_auto.egg-info/requires.txt
writing top-level names to htn_auto.egg-info/top_level.txt
writing manifest file 'htn_auto.egg-info/SOURCES.txt'
reading manifest file 'htn_auto.egg-info/SOURCES.txt'
writing manifest file 'htn_auto.egg-info/SOURCES.txt'
running build_ext
Creating /home/zech/htn-2026/install/htn_auto/lib/python3.10/site-packages/htn-auto.egg-link (link to .)
Installing auto script to /home/zech/htn-2026/install/htn_auto/lib/htn_auto

Installed /home/zech/htn-2026/build/htn_auto
running symlink_data
creating /home/zech/htn-2026/install/htn_auto/share/ament_index
creating /home/zech/htn-2026/install/htn_auto/share/ament_index/resource_index
creating /home/zech/htn-2026/install/htn_auto/share/ament_index/resource_index/packages
symbolically linking /home/zech/htn-2026/build/htn_auto/resource/htn_auto -> /home/zech/htn-2026/install/htn_auto/share/ament_index/resource_index/packages
symbolically linking /home/zech/htn-2026/build/htn_auto/package.xml -> /home/zech/htn-2026/install/htn_auto/share/htn_auto
