-- The C compiler identification is GNU 11.4.0
-- The CXX compiler identification is GNU 11.4.0
-- Detecting C compiler ABI info
-- Detecting C compiler ABI info - done
-- Check for working C compiler: /usr/bin/cc - skipped
-- Detecting C compile features
-- Detecting C compile features - done
-- Detecting CXX compiler ABI info
-- Detecting CXX compiler ABI info - done
-- Check for working CXX compiler: /usr/bin/c++ - skipped
-- Detecting CXX compile features
-- Detecting CXX compile features - done
-- Found ament_cmake: 1.3.14 (/opt/ros/humble/share/ament_cmake/cmake)
-- Found Python3: /usr/bin/python3 (found version "3.10.12") found components: Interpreter 
-- Override CMake install command with custom implementation using symlinks instead of copying resources
-- Configuring done
-- Generating done
-- Build files have been written to: /home/zech/htn-2026/build/htn_launch
-- Install configuration: ""
-- Execute custom install script
-- Symlinking: /home/zech/htn-2026/install/htn_launch/share/htn_launch/launch/hardware.launch.py
-- Symlinking: /home/zech/htn-2026/install/htn_launch/share/htn_launch/launch/sim.launch.py
-- Symlinking: /home/zech/htn-2026/install/htn_launch/share/htn_launch/config/controllers.yaml
-- Symlinking: /home/zech/htn-2026/install/htn_launch/share/htn_launch/worlds/empty.sdf
-- Symlinking: /home/zech/htn-2026/install/htn_launch/share/ament_index/resource_index/package_run_dependencies/htn_launch
-- Symlinking: /home/zech/htn-2026/install/htn_launch/share/ament_index/resource_index/parent_prefix_path/htn_launch
-- Symlinking: /home/zech/htn-2026/install/htn_launch/share/htn_launch/environment/ament_prefix_path.sh
-- Symlinking: /home/zech/htn-2026/install/htn_launch/share/htn_launch/environment/ament_prefix_path.dsv
-- Symlinking: /home/zech/htn-2026/install/htn_launch/share/htn_launch/environment/path.sh
-- Symlinking: /home/zech/htn-2026/install/htn_launch/share/htn_launch/environment/path.dsv
-- Symlinking: /home/zech/htn-2026/install/htn_launch/share/htn_launch/local_setup.bash
-- Symlinking: /home/zech/htn-2026/install/htn_launch/share/htn_launch/local_setup.sh
-- Symlinking: /home/zech/htn-2026/install/htn_launch/share/htn_launch/local_setup.zsh
-- Symlinking: /home/zech/htn-2026/install/htn_launch/share/htn_launch/local_setup.dsv
-- Symlinking: /home/zech/htn-2026/install/htn_launch/share/htn_launch/package.dsv
-- Symlinking: /home/zech/htn-2026/install/htn_launch/share/ament_index/resource_index/packages/htn_launch
-- Symlinking: /home/zech/htn-2026/install/htn_launch/share/htn_launch/cmake/htn_launchConfig.cmake
-- Symlinking: /home/zech/htn-2026/install/htn_launch/share/htn_launch/cmake/htn_launchConfig-version.cmake
-- Symlinking: /home/zech/htn-2026/install/htn_launch/share/htn_launch/package.xml
